Microchip MPLAB XC8 Compiler V2.45

Linker command line:

-W-3 \
  --edf=C:\Program Files\Microchip\xc8\v2.45\pic\dat\20230818022343_en.msgs \
  -cn -h+.ca/dist/Config_1/production\Control_de_Acceso.X.production.sym \
  --cmf=.ca/dist/Config_1/production\Control_de_Acceso.X.production.cmf -z \
  -Q16F1937 -oC:\Users\user\AppData\Local\Temp\xcAsb3s.\driver_tmp_3.o \
  --defsym=__MPLAB_BUILD=1 --fixupoverflow=error \
  -M.ca/dist/Config_1/production/Control_de_Acceso.X.production.map \
  --md=C:\Users\user\AppData\Local\Temp\xcAsb3s.\driver_tmp_0.dat -E1 \
  -ver=XC8 Compiler --acfsm=1493 -ACODE=00h-07FFhx4 -ASTRCODE=00h-01FFFh \
  -ASTRING=00h-0FFhx32 -ACONST=00h-0FFhx32 -AENTRY=00h-0FFhx32 \
  -ACOMMON=070h-07Fh -ABANK0=020h-06Fh -ABANK1=0A0h-0EFh \
  -ABANK2=0120h-016Fh -ABANK3=01A0h-01EFh -ABANK4=0220h-026Fh \
  -ABANK5=02A0h-02EFh -ABANK6=0320h-032Fh -ABIGRAM=02000h-021EFh \
  -ARAM=020h-06Fh,0A0h-0EFh,0120h-016Fh,01A0h-01EFh,0220h-026Fh,02A0h-02EFh,0320h-032Fh \
  -AABS1=020h-07Fh,0A0h-0EFh,0120h-016Fh,01A0h-01EFh,0220h-026Fh,02A0h-02EFh,0320h-032Fh \
  -ASFR0=00h-01Fh -ASFR1=080h-09Fh -ASFR2=0100h-011Fh -ASFR3=0180h-019Fh \
  -ASFR4=0200h-021Fh -ASFR5=0280h-029Fh -ASFR6=0300h-031Fh \
  -ASFR7=0380h-03EFh -ASFR8=0400h-046Fh -ASFR9=0480h-04EFh \
  -ASFR10=0500h-056Fh -ASFR11=0580h-05EFh -ASFR12=0600h-066Fh \
  -ASFR13=0680h-06EFh -ASFR14=0700h-076Fh -ASFR15=0780h-07EFh \
  -ASFR16=0800h-086Fh -ASFR17=0880h-08EFh -ASFR18=0900h-096Fh \
  -ASFR19=0980h-09EFh -ASFR20=0A00h-0A6Fh -ASFR21=0A80h-0AEFh \
  -ASFR22=0B00h-0B6Fh -ASFR23=0B80h-0BEFh -ASFR24=0C00h-0C6Fh \
  -ASFR25=0C80h-0CEFh -ASFR26=0D00h-0D6Fh -ASFR27=0D80h-0DEFh \
  -ASFR28=0E00h-0E6Fh -ASFR29=0E80h-0EEFh -ASFR30=0F00h-0F6Fh \
  -ASFR31=0F80h-0FEFh -ACONFIG=08007h-08008h -DCONFIG=2 \
  -AIDLOC=08000h-08003h -DIDLOC=2 -AEEDATA=00h-0FFh/0F000h \
  -peeprom_data=EEDATA -DEEDATA=2 -DCODE=2 -DSTRCODE=2 -DSTRING=2 -DCONST=2 \
  -DENTRY=2 -preset_vec=00h,intentry=04h,init,end_init -ppowerup=CODE \
  -pcinit=CODE -pfunctab=ENTRY -k \
  C:\Users\user\AppData\Local\Temp\xcAsb3s.\driver_tmp_20.o \
  .ca/dist/Config_1/production\Control_de_Acceso.X.production.o 

Object code version is 3.11

Machine type is 16F1937



                Name                               Link     Load   Length Selector   Space Scale
C:\Users\user\AppData\Local\Temp\xcAsb3s.\driver_tmp_20.o
                end_init                            21D      21D        2        8       0
                reset_vec                             0        0        2        0       0
                config                             8007     8007        2        0       4
.ca/dist/Config_1/production\Control_de_Acceso.X.production.o
                cinit                               21F      21F       2E        8       0
                intentry                              4        4      219        8       0
                config                             8007     8007        2        0       4
                text50                              6C4      6C4      114        8       0
                text49                             1C27     1C27        9     384E       0
                text48                             1E54     1E54       2C     3CA8       0
                text47                             1C90     1C90       18     3920       0
                text46                             1C65     1C65       14     38CA       0
                text45                             1C0F     1C0F        8     381E       0
                text44                             10C3     10C3       68     2186       0
                text43                              7D8      7D8       28        8       0
                text42                             1CA8     1CA8       1A     3950       0
                text40                             1C30     1C30        9     3860       0
                text39                             1C17     1C17        8     382E       0
                text38                             1C08     1C08        7     3810       0
                text37                             1001     1001        3     2002       0
                text36                             1D74     1D74       22     3AE8       0
                text35                             1C79     1C79       17     38F2       0
                text34                             1C1F     1C1F        8     383E       0
                text33                             1F5E     1F5E       50     3EBC       0
                text32                             112B     112B       6D     2256       0
                text31                             1DFE     1DFE       2B     3BFC       0
                text30                             1CDC     1CDC       1C     39B8       0
                text29                              800      800       94     1000       0
                text28                             1FAE     1FAE       52     3F5C       0
                text27                             1E80     1E80       46     3D00       0
                text26                             1C43     1C43        F     3886       0
                text25                                3        3        1        6       0
                text24                             1F0F     1F0F       4F     3E1E       0
                text23                             1D96     1D96       22     3B2C       0
                text22                             1E29     1E29       2B     3C52       0
                text21                             128C     128C       BD     2518       0
                text20                             1349     1349      170     2692       0
                text19                             1EC6     1EC6       49     3D8C       0
                text18                             1210     1210       7C     2420       0
                text17                             1D33     1D33       20     3A66       0
                text16                              4B4      4B4      210        8       0
                text15                             1C39     1C39        A     3872       0
                text14                             164E     164E      1B2     2C9C       0
                text13                             1D14     1D14       1F     3A28       0
                text12                             1061     1061       62     20C2       0
                text11                             1198     1198       78     2330       0
                text10                              894      894       D8     1128       0
                text9                              1C52     1C52       13     38A4       0
                text8                              1DDA     1DDA       24     3BB4       0
                text7                              1CC2     1CC2       1A     3984       0
                text6                               96C      96C      694     12D8       0
                text5                              1CF8     1CF8       1C     39F0       0
                text4                              1004     1004       5D     2008       0
                text3                              14B9     14B9      195     2972       0
                text2                              1D53     1D53       21     3AA6       0
                text1                              1DB8     1DB8       22     3B70       0
                maintext                            24D      24D      267        8       0
                cstackBANK0                          20       20       50       20       1
                cstackCOMMON                         70       70        C       70       1
                cstackBANK1                          A0       A0       4F       A0       1
                cstackBANK2                         13F      13F       1F      120       1
                clrtext                            1C02     1C02        6     3804       0
                bssBANK4                            220      220       50      220       1
                bssBANK3                            1A0      1A0       14      1A0       1
                dataBANK2                           15E      15E        5      120       1
                bssBANK2                            120      120       1F      120       1
                bssBANK1                             EF       EF        1       A0       1
                bssCOMMON                            7C       7C        2       70       1
                stringtext13                       1887     1887        2     3000       0
                stringtext12                       1883     1883        4     3000       0
                stringtext11                       187F     187F        4     3000       0
                stringtext10                       1878     1878        7     3000       0
                stringtext9                        1871     1871        7     3000       0
                stringtext8                        1868     1868        9     3000       0
                stringtext7                        185F     185F        9     3000       0
                stringtext6                        1850     1850        F     3000       0
                stringtext5                        1841     1841        F     3000       0
                stringtext4                        1832     1832        F     3000       0
                stringtext3                        1822     1822       10     3000       0
                stringtext2                        1811     1811       11     3000       0
                stringtext1                        1800     1800       11     3000       0
                idataBANK2                         1BFD     1BFD        5     37FA       0

TOTAL           Name                               Link     Load   Length     Space
        CLASS   CODE           
                end_init                            21D      21D        2         0
                cinit                               21F      21F       2E         0
                intentry                              4        4      219         0
                reset_vec                             0        0        2         0
                text50                              6C4      6C4      114         0
                text49                             1C27     1C27        9         0
                text48                             1E54     1E54       2C         0
                text47                             1C90     1C90       18         0
                text46                             1C65     1C65       14         0
                text45                             1C0F     1C0F        8         0
                text44                             10C3     10C3       68         0
                text43                              7D8      7D8       28         0
                text42                             1CA8     1CA8       1A         0
                text40                             1C30     1C30        9         0
                text39                             1C17     1C17        8         0
                text38                             1C08     1C08        7         0
                text37                             1001     1001        3         0
                text36                             1D74     1D74       22         0
                text35                             1C79     1C79       17         0
                text34                             1C1F     1C1F        8         0
                text33                             1F5E     1F5E       50         0
                text32                             112B     112B       6D         0
                text31                             1DFE     1DFE       2B         0
                text30                             1CDC     1CDC       1C         0
                text29                              800      800       94         0
                text28                             1FAE     1FAE       52         0
                text27                             1E80     1E80       46         0
                text26                             1C43     1C43        F         0
                text25                                3        3        1         0
                text24                             1F0F     1F0F       4F         0
                text23                             1D96     1D96       22         0
                text22                             1E29     1E29       2B         0
                text21                             128C     128C       BD         0
                text20                             1349     1349      170         0
                text19                             1EC6     1EC6       49         0
                text18                             1210     1210       7C         0
                text17                             1D33     1D33       20         0
                text16                              4B4      4B4      210         0
                text15                             1C39     1C39        A         0
                text14                             164E     164E      1B2         0
                text13                             1D14     1D14       1F         0
                text12                             1061     1061       62         0
                text11                             1198     1198       78         0
                text10                              894      894       D8         0
                text9                              1C52     1C52       13         0
                text8                              1DDA     1DDA       24         0
                text7                              1CC2     1CC2       1A         0
                text6                               96C      96C      694         0
                text5                              1CF8     1CF8       1C         0
                text4                              1004     1004       5D         0
                text3                              14B9     14B9      195         0
                text2                              1D53     1D53       21         0
                text1                              1DB8     1DB8       22         0
                maintext                            24D      24D      267         0
                clrtext                            1C02     1C02        6         0
                idataBANK2                         1BFD     1BFD        5         0

        CLASS   STRCODE        
                stringtext13                       1887     1887        2         0
                stringtext12                       1883     1883        4         0
                stringtext11                       187F     187F        4         0
                stringtext10                       1878     1878        7         0
                stringtext9                        1871     1871        7         0
                stringtext8                        1868     1868        9         0
                stringtext7                        185F     185F        9         0
                stringtext6                        1850     1850        F         0
                stringtext5                        1841     1841        F         0
                stringtext4                        1832     1832        F         0
                stringtext3                        1822     1822       10         0
                stringtext2                        1811     1811       11         0
                stringtext1                        1800     1800       11         0

        CLASS   STRING         

        CLASS   CONST          

        CLASS   ENTRY          

        CLASS   COMMON         
                cstackCOMMON                         70       70        C         1
                bssCOMMON                            7C       7C        2         1

        CLASS   BANK0          
                cstackBANK0                          20       20       50         1

        CLASS   BANK1          
                cstackBANK1                          A0       A0       4F         1
                bssBANK1                             EF       EF        1         1

        CLASS   BANK2          
                cstackBANK2                         13F      13F       1F         1
                dataBANK2                           15E      15E        5         1
                bssBANK2                            120      120       1F         1

        CLASS   BANK3          
                bssBANK3                            1A0      1A0       14         1

        CLASS   BANK4          
                bssBANK4                            220      220       50         1

        CLASS   BANK5          

        CLASS   BANK6          

        CLASS   BIGRAM         

        CLASS   RAM            

        CLASS   ABS1           
                abs_s1                               7E       7E        2         1

        CLASS   SFR0           

        CLASS   SFR1           

        CLASS   SFR2           

        CLASS   SFR3           

        CLASS   SFR4           

        CLASS   SFR5           

        CLASS   SFR6           

        CLASS   SFR7           

        CLASS   SFR8           

        CLASS   SFR9           

        CLASS   SFR10          

        CLASS   SFR11          

        CLASS   SFR12          

        CLASS   SFR13          

        CLASS   SFR14          

        CLASS   SFR15          

        CLASS   SFR16          

        CLASS   SFR17          

        CLASS   SFR18          

        CLASS   SFR19          

        CLASS   SFR20          

        CLASS   SFR21          

        CLASS   SFR22          

        CLASS   SFR23          

        CLASS   SFR24          

        CLASS   SFR25          

        CLASS   SFR26          

        CLASS   SFR27          

        CLASS   SFR28          

        CLASS   SFR29          

        CLASS   SFR30          

        CLASS   SFR31          

        CLASS   CONFIG         
                config                             8007     8007        2         4

        CLASS   IDLOC          

        CLASS   EEDATA         

        CLASS   BANK31         

        CLASS   BANK30         

        CLASS   BANK29         

        CLASS   BANK28         

        CLASS   BANK27         

        CLASS   BANK26         

        CLASS   BANK25         

        CLASS   BANK24         

        CLASS   BANK23         

        CLASS   BANK22         

        CLASS   BANK21         

        CLASS   BANK20         

        CLASS   BANK19         

        CLASS   BANK18         

        CLASS   BANK17         

        CLASS   BANK16         

        CLASS   BANK15         

        CLASS   BANK14         

        CLASS   BANK13         

        CLASS   BANK12         

        CLASS   BANK11         

        CLASS   BANK10         

        CLASS   BANK9          

        CLASS   BANK8          

        CLASS   BANK7          

        CLASS   HEAP           

        CLASS   STACK          



SEGMENTS        Name                           Load    Length   Top    Selector   Space  Class     Delta

                reset_vec                      000000  000002  000002         0       0  CODE        2
                text25                         000003  000001  000004         6       0  CODE        2
                intentry                       000004  0007FC  000800         8       0  CODE        2
                cstackBANK0                    000020  000050  000070        20       1  BANK0       1
                cstackCOMMON                   000070  00000E  00007E        70       1  COMMON      1
                cstackBANK1                    0000A0  000050  0000F0        A0       1  BANK1       1
                bssBANK2                       000120  000043  000163       120       1  BANK2       1
                bssBANK3                       0001A0  000014  0001B4       1A0       1  BANK3       1
                bssBANK4                       000220  000050  000270       220       1  BANK4       1
                text29                         000800  000094  000894      1000       0  CODE        2
                text10                         000894  0000D8  00096C      1128       0  CODE        2
                text6                          00096C  000694  001000      12D8       0  CODE        2
                text37                         001001  000003  001004      2002       0  CODE        2
                text4                          001004  00005D  001061      2008       0  CODE        2
                text12                         001061  000062  0010C3      20C2       0  CODE        2
                text44                         0010C3  000068  00112B      2186       0  CODE        2
                text32                         00112B  00006D  001198      2256       0  CODE        2
                text11                         001198  000078  001210      2330       0  CODE        2
                text18                         001210  00007C  00128C      2420       0  CODE        2
                text21                         00128C  0000BD  001349      2518       0  CODE        2
                text20                         001349  000170  0014B9      2692       0  CODE        2
                text3                          0014B9  000195  00164E      2972       0  CODE        2
                text14                         00164E  0001B2  001800      2C9C       0  CODE        2
                stringtext1                    001800  000089  001889      3000       0  STRCODE     2
                idataBANK2                     001BFD  000005  001C02      37FA       0  CODE        2
                clrtext                        001C02  000006  001C08      3804       0  CODE        2
                text38                         001C08  000007  001C0F      3810       0  CODE        2
                text45                         001C0F  000008  001C17      381E       0  CODE        2
                text39                         001C17  000008  001C1F      382E       0  CODE        2
                text34                         001C1F  000008  001C27      383E       0  CODE        2
                text49                         001C27  000009  001C30      384E       0  CODE        2
                text40                         001C30  000009  001C39      3860       0  CODE        2
                text15                         001C39  00000A  001C43      3872       0  CODE        2
                text26                         001C43  00000F  001C52      3886       0  CODE        2
                text9                          001C52  000013  001C65      38A4       0  CODE        2
                text46                         001C65  000014  001C79      38CA       0  CODE        2
                text35                         001C79  000017  001C90      38F2       0  CODE        2
                text47                         001C90  000018  001CA8      3920       0  CODE        2
                text42                         001CA8  00001A  001CC2      3950       0  CODE        2
                text7                          001CC2  00001A  001CDC      3984       0  CODE        2
                text30                         001CDC  00001C  001CF8      39B8       0  CODE        2
                text5                          001CF8  00001C  001D14      39F0       0  CODE        2
                text13                         001D14  00001F  001D33      3A28       0  CODE        2
                text17                         001D33  000020  001D53      3A66       0  CODE        2
                text2                          001D53  000021  001D74      3AA6       0  CODE        2
                text36                         001D74  000022  001D96      3AE8       0  CODE        2
                text23                         001D96  000022  001DB8      3B2C       0  CODE        2
                text1                          001DB8  000022  001DDA      3B70       0  CODE        2
                text8                          001DDA  000024  001DFE      3BB4       0  CODE        2
                text31                         001DFE  00002B  001E29      3BFC       0  CODE        2
                text22                         001E29  00002B  001E54      3C52       0  CODE        2
                text48                         001E54  00002C  001E80      3CA8       0  CODE        2
                text27                         001E80  000046  001EC6      3D00       0  CODE        2
                text19                         001EC6  000049  001F0F      3D8C       0  CODE        2
                text24                         001F0F  00004F  001F5E      3E1E       0  CODE        2
                text33                         001F5E  000050  001FAE      3EBC       0  CODE        2
                text28                         001FAE  000052  002000      3F5C       0  CODE        2


UNUSED ADDRESS RANGES

        Name                Unused          Largest block    Delta
        BANK2            00163-0016F               D           1
        BANK3            001B4-001EF              3C           1
        BANK5            002A0-002EF              50           1
        BANK6            00320-0032F              10           1
        BIGRAM           02000-021EF             1F0           1
        CODE             00002-00002               1           2
                         01000-01000               1
                         01889-01BFC             374
        CONST            00002-00002               1           2
                         01000-01000               1
                         01889-01BFC             100
        EEDATA           0F000-0F0FF             100           2
        ENTRY            00002-00002               1           2
                         01000-01000               1
                         01889-01BFC             100
        IDLOC            08000-08003               4           2
        RAM              00163-0016F               D           1
                         001B4-001EF              3C
                         002A0-002EF              50
                         00320-0032F              10
        SFR0             00000-0001F              20           1
        SFR1             00080-0009F              20           1
        SFR10            00500-0056F              70           1
        SFR11            00580-005EF              70           1
        SFR12            00600-0066F              70           1
        SFR13            00680-006EF              70           1
        SFR14            00700-0076F              70           1
        SFR15            00780-007EF              70           1
        SFR16            00800-0086F              70           1
        SFR17            00880-008EF              70           1
        SFR18            00900-0096F              70           1
        SFR19            00980-009EF              70           1
        SFR2             00100-0011F              20           1
        SFR20            00A00-00A6F              70           1
        SFR21            00A80-00AEF              70           1
        SFR22            00B00-00B6F              70           1
        SFR23            00B80-00BEF              70           1
        SFR24            00C00-00C6F              70           1
        SFR25            00C80-00CEF              70           1
        SFR26            00D00-00D6F              70           1
        SFR27            00D80-00DEF              70           1
        SFR28            00E00-00E6F              70           1
        SFR29            00E80-00EEF              70           1
        SFR3             00180-0019F              20           1
        SFR30            00F00-00F6F              70           1
        SFR31            00F80-00FEF              70           1
        SFR4             00200-0021F              20           1
        SFR5             00280-0029F              20           1
        SFR6             00300-0031F              20           1
        SFR7             00380-003EF              70           1
        SFR8             00400-0046F              70           1
        SFR9             00480-004EF              70           1
        STRCODE          00002-00002               1           2
                         01000-01000               1
                         01889-01BFC             374
        STRING           00002-00002               1           2
                         01000-01000               1
                         01889-01BFC             100

                                  Symbol Table

?_ADC_GetConversionResult        cstackBANK0  00020
?__Umul8_16                      cstackBANK0  00020
?___awdiv                        cstackBANK0  00020
?___awmod                        cstackBANK0  00020
?___fladd                        cstackBANK0  00020
?___fldiv                        cstackBANK0  00034
?___flmul                        cstackBANK0  00029
?___flneg                        cstackBANK0  00020
?___flsub                        cstackBANK0  00043
?___fltol                        cstackBANK0  00020
?___fpclassifyf                  cstackBANK0  00020
?___wmul                         cstackBANK0  00020
?___xxtofl                       cstackBANK0  00026
?_abs                            cstackBANK0  00027
?_floorf                         cstackBANK0  0004E
?_labs                           cstackBANK0  00020
?_read_prec_or_width             cstackBANK0  00026
?_sprintf                        cstackBANK1  000DE
?_strcmp                         cstackCOMMON 00070
?_vfprintf                       cstackBANK0  0006D
Lcd_Cmd@a                        cstackBANK0  00022
Lcd_Port@a                       cstackBANK0  00020
Lcd_Set_Cursor@a                 cstackBANK0  00025
Lcd_Set_Cursor@b                 cstackBANK0  00023
Lcd_Set_Cursor@temp              cstackBANK0  00028
Lcd_Set_Cursor@y                 cstackBANK0  00027
Lcd_Set_Cursor@z                 cstackBANK0  00026
Lcd_Write_Char@a                 cstackBANK0  00024
Lcd_Write_Char@temp              cstackBANK0  00022
Lcd_Write_Char@y                 cstackBANK0  00023
Lcd_Write_String@a               cstackBANK0  00025
Lcd_Write_String@i               cstackBANK0  00028
_ADCON0                          (abs)        0009D
_ADCON0bits                      (abs)        0009D
_ADCON1                          (abs)        0009E
_ADC_GetConversionResult         text40       01C30
_ADC_Initialize                  text39       01C17
_ADC_IsConversionDone            text38       01C08
_ADC_StartConversion             text37       01001
_ADRESH                          (abs)        0009C
_ADRESL                          (abs)        0009B
_ANSELA                          (abs)        0018C
_ANSELB                          (abs)        0018D
_ANSELD                          (abs)        0018F
_ANSELE                          (abs)        00190
_APFCON                          (abs)        0011D
_BORCON                          (abs)        00116
_INTCONbits                      (abs)        0000B
_IOC                             intentry     00004
_IOCBF                           (abs)        00396
_IOCBN                           (abs)        00395
_Keypad_Get_Char                 text50       006C4
_Keypad_Init                     text49       01C27
_LATA                            (abs)        0010C
_LATAbits                        (abs)        0010C
_LATB                            (abs)        0010D
_LATBbits                        (abs)        0010D
_LATC                            (abs)        0010E
_LATCbits                        (abs)        0010E
_LATD                            (abs)        0010F
_LATDbits                        (abs)        0010F
_LATE                            (abs)        00110
_Lcd_Clear                       text34       01C1F
_Lcd_Cmd                         text35       01C79
_Lcd_Init                        text33       01F5E
_Lcd_Port                        text36       01D74
_Lcd_Set_Cursor                  text32       0112B
_Lcd_Write_Char                  text31       01DFE
_Lcd_Write_String                text30       01CDC
_OPTION_REGbits                  (abs)        00095
_OSCCON                          (abs)        00099
_OSCTUNE                         (abs)        00098
_PORTBbits                       (abs)        0000D
_SSPADD                          (abs)        00212
_SSPBUF                          (abs)        00211
_SSPCON1bits                     (abs)        00215
_SSPCON2bits                     (abs)        00216
_SSPCONbits                      (abs)        00215
_SSPSTATbits                     (abs)        00214
_TRISA                           (abs)        0008C
_TRISAbits                       (abs)        0008C
_TRISB                           (abs)        0008D
_TRISBbits                       (abs)        0008D
_TRISC                           (abs)        0008E
_TRISCbits                       (abs)        0008E
_TRISD                           (abs)        0008F
_TRISDbits                       (abs)        0008F
_TRISE                           (abs)        00090
_WDTCON                          (abs)        00097
_WPUB                            (abs)        0020D
_WPUE                            (abs)        00210
__H__absolute__                  __absolute__ 00000
__Habs1                          abs1         00000
__Hbank0                         bank0        00000
__Hbank1                         bank1        00000
__Hbank10                        bank10       00000
__Hbank11                        bank11       00000
__Hbank12                        bank12       00000
__Hbank13                        bank13       00000
__Hbank14                        bank14       00000
__Hbank15                        bank15       00000
__Hbank16                        bank16       00000
__Hbank17                        bank17       00000
__Hbank18                        bank18       00000
__Hbank19                        bank19       00000
__Hbank2                         bank2        00000
__Hbank20                        bank20       00000
__Hbank21                        bank21       00000
__Hbank22                        bank22       00000
__Hbank23                        bank23       00000
__Hbank24                        bank24       00000
__Hbank25                        bank25       00000
__Hbank26                        bank26       00000
__Hbank27                        bank27       00000
__Hbank28                        bank28       00000
__Hbank29                        bank29       00000
__Hbank3                         bank3        00000
__Hbank30                        bank30       00000
__Hbank31                        bank31       00000
__Hbank4                         bank4        00000
__Hbank5                         bank5        00000
__Hbank6                         bank6        00000
__Hbank7                         bank7        00000
__Hbank8                         bank8        00000
__Hbank9                         bank9        00000
__Hbigram                        bigram       00000
__HbssBANK1                      bssBANK1     00000
__HbssBANK2                      bssBANK2     00000
__HbssBANK3                      bssBANK3     00000
__HbssBANK4                      bssBANK4     00000
__HbssCOMMON                     bssCOMMON    00000
__Hcinit                         cinit        0024D
__Hclrtext                       clrtext      00000
__Hcode                          code         00000
__Hcommon                        common       00000
__Hconfig                        config       08009
__HcstackBANK0                   cstackBANK0  00000
__HcstackBANK1                   cstackBANK1  00000
__HcstackBANK2                   cstackBANK2  00000
__HcstackCOMMON                  cstackCOMMON 00000
__HdataBANK2                     dataBANK2    00000
__Heeprom_data                   eeprom_data  00000
__Hend_init                      end_init     0021F
__Hfunctab                       functab      00000
__Hheap                          heap         00000
__HidataBANK2                    idataBANK2   00000
__Hinit                          init         0021D
__Hintentry                      intentry     0021D
__Hmaintext                      maintext     00000
__Hpowerup                       powerup      00000
__Hram                           ram          00000
__Hreset_vec                     reset_vec    00002
__Hsfr0                          sfr0         00000
__Hsfr1                          sfr1         00000
__Hsfr10                         sfr10        00000
__Hsfr11                         sfr11        00000
__Hsfr12                         sfr12        00000
__Hsfr13                         sfr13        00000
__Hsfr14                         sfr14        00000
__Hsfr15                         sfr15        00000
__Hsfr16                         sfr16        00000
__Hsfr17                         sfr17        00000
__Hsfr18                         sfr18        00000
__Hsfr19                         sfr19        00000
__Hsfr2                          sfr2         00000
__Hsfr20                         sfr20        00000
__Hsfr21                         sfr21        00000
__Hsfr22                         sfr22        00000
__Hsfr23                         sfr23        00000
__Hsfr24                         sfr24        00000
__Hsfr25                         sfr25        00000
__Hsfr26                         sfr26        00000
__Hsfr27                         sfr27        00000
__Hsfr28                         sfr28        00000
__Hsfr29                         sfr29        00000
__Hsfr3                          sfr3         00000
__Hsfr30                         sfr30        00000
__Hsfr31                         sfr31        00000
__Hsfr4                          sfr4         00000
__Hsfr5                          sfr5         00000
__Hsfr6                          sfr6         00000
__Hsfr7                          sfr7         00000
__Hsfr8                          sfr8         00000
__Hsfr9                          sfr9         00000
__Hspace_0                       (abs)        02000
__Hspace_1                       (abs)        00270
__Hspace_2                       (abs)        00000
__Hspace_3                       (abs)        00000
__Hspace_4                       (abs)        10010
__Hstack                         stack        00000
__Hstrings                       strings      00000
__Hstringtext1                   stringtext1  00000
__Hstringtext10                  stringtext10 00000
__Hstringtext11                  stringtext11 00000
__Hstringtext12                  stringtext12 00000
__Hstringtext13                  stringtext13 00000
__Hstringtext14                  stringtext14 00000
__Hstringtext2                   stringtext2  00000
__Hstringtext3                   stringtext3  00000
__Hstringtext4                   stringtext4  00000
__Hstringtext5                   stringtext5  00000
__Hstringtext6                   stringtext6  00000
__Hstringtext7                   stringtext7  00000
__Hstringtext8                   stringtext8  00000
__Hstringtext9                   stringtext9  00000
__Htext                          text         00000
__L__absolute__                  __absolute__ 00000
__Labs1                          abs1         00000
__Lbank0                         bank0        00000
__Lbank1                         bank1        00000
__Lbank10                        bank10       00000
__Lbank11                        bank11       00000
__Lbank12                        bank12       00000
__Lbank13                        bank13       00000
__Lbank14                        bank14       00000
__Lbank15                        bank15       00000
__Lbank16                        bank16       00000
__Lbank17                        bank17       00000
__Lbank18                        bank18       00000
__Lbank19                        bank19       00000
__Lbank2                         bank2        00000
__Lbank20                        bank20       00000
__Lbank21                        bank21       00000
__Lbank22                        bank22       00000
__Lbank23                        bank23       00000
__Lbank24                        bank24       00000
__Lbank25                        bank25       00000
__Lbank26                        bank26       00000
__Lbank27                        bank27       00000
__Lbank28                        bank28       00000
__Lbank29                        bank29       00000
__Lbank3                         bank3        00000
__Lbank30                        bank30       00000
__Lbank31                        bank31       00000
__Lbank4                         bank4        00000
__Lbank5                         bank5        00000
__Lbank6                         bank6        00000
__Lbank7                         bank7        00000
__Lbank8                         bank8        00000
__Lbank9                         bank9        00000
__Lbigram                        bigram       00000
__LbssBANK1                      bssBANK1     00000
__LbssBANK2                      bssBANK2     00000
__LbssBANK3                      bssBANK3     00000
__LbssBANK4                      bssBANK4     00000
__LbssCOMMON                     bssCOMMON    00000
__Lcinit                         cinit        0021F
__Lclrtext                       clrtext      00000
__Lcode                          code         00000
__Lcommon                        common       00000
__Lconfig                        config       00000
__LcstackBANK0                   cstackBANK0  00000
__LcstackBANK1                   cstackBANK1  00000
__LcstackBANK2                   cstackBANK2  00000
__LcstackCOMMON                  cstackCOMMON 00000
__LdataBANK2                     dataBANK2    00000
__Leeprom_data                   eeprom_data  00000
__Lend_init                      end_init     0021D
__Lfunctab                       functab      00000
__Lheap                          heap         00000
__LidataBANK2                    idataBANK2   00000
__Linit                          init         0021D
__Lintentry                      intentry     00004
__Lmaintext                      maintext     00000
__Lpowerup                       powerup      00000
__Lram                           ram          00000
__Lreset_vec                     reset_vec    00000
__Lsfr0                          sfr0         00000
__Lsfr1                          sfr1         00000
__Lsfr10                         sfr10        00000
__Lsfr11                         sfr11        00000
__Lsfr12                         sfr12        00000
__Lsfr13                         sfr13        00000
__Lsfr14                         sfr14        00000
__Lsfr15                         sfr15        00000
__Lsfr16                         sfr16        00000
__Lsfr17                         sfr17        00000
__Lsfr18                         sfr18        00000
__Lsfr19                         sfr19        00000
__Lsfr2                          sfr2         00000
__Lsfr20                         sfr20        00000
__Lsfr21                         sfr21        00000
__Lsfr22                         sfr22        00000
__Lsfr23                         sfr23        00000
__Lsfr24                         sfr24        00000
__Lsfr25                         sfr25        00000
__Lsfr26                         sfr26        00000
__Lsfr27                         sfr27        00000
__Lsfr28                         sfr28        00000
__Lsfr29                         sfr29        00000
__Lsfr3                          sfr3         00000
__Lsfr30                         sfr30        00000
__Lsfr31                         sfr31        00000
__Lsfr4                          sfr4         00000
__Lsfr5                          sfr5         00000
__Lsfr6                          sfr6         00000
__Lsfr7                          sfr7         00000
__Lsfr8                          sfr8         00000
__Lsfr9                          sfr9         00000
__Lspace_0                       (abs)        00000
__Lspace_1                       (abs)        00000
__Lspace_2                       (abs)        00000
__Lspace_3                       (abs)        00000
__Lspace_4                       (abs)        00000
__Lstack                         stack        00000
__Lstrings                       strings      00000
__Lstringtext1                   stringtext1  00000
__Lstringtext10                  stringtext10 00000
__Lstringtext11                  stringtext11 00000
__Lstringtext12                  stringtext12 00000
__Lstringtext13                  stringtext13 00000
__Lstringtext14                  stringtext14 00000
__Lstringtext2                   stringtext2  00000
__Lstringtext3                   stringtext3  00000
__Lstringtext4                   stringtext4  00000
__Lstringtext5                   stringtext5  00000
__Lstringtext6                   stringtext6  00000
__Lstringtext7                   stringtext7  00000
__Lstringtext8                   stringtext8  00000
__Lstringtext9                   stringtext9  00000
__Ltext                          text         00000
__S0                             (abs)        02000
__S1                             (abs)        00270
__S3                             (abs)        00000
__Umul8_16                       text17       01D33
__Umul8_16@multiplicand          cstackBANK0  00020
__Umul8_16@multiplier            cstackBANK0  00028
__Umul8_16@product               cstackBANK0  00024
__Umul8_16@word_mpld             cstackBANK0  00026
___awdiv                         text28       01FAE
___awdiv@counter                 cstackBANK0  00025
___awdiv@dividend                cstackBANK0  00022
___awdiv@divisor                 cstackBANK0  00020
___awdiv@quotient                cstackBANK0  00027
___awdiv@sign                    cstackBANK0  00026
___awmod                         text27       01E80
___awmod@counter                 cstackBANK0  00025
___awmod@dividend                cstackBANK0  00022
___awmod@divisor                 cstackBANK0  00020
___awmod@sign                    cstackBANK0  00026
___fladd                         text14       0164E
___fladd@a                       cstackBANK0  00024
___fladd@aexp                    cstackBANK0  00031
___fladd@b                       cstackBANK0  00020
___fladd@bexp                    cstackBANK0  00032
___fladd@grs                     cstackBANK0  00033
___fladd@signs                   cstackBANK0  00030
___fldiv                         text20       01349
___fldiv@a                       cstackBANK0  00034
___fldiv@aexp                    cstackBANK0  0004D
___fldiv@b                       cstackBANK0  00038
___fldiv@bexp                    cstackBANK0  0004C
___fldiv@grs                     cstackBANK0  00048
___fldiv@new_exp                 cstackBANK0  00046
___fldiv@rem                     cstackBANK0  00041
___fldiv@sign                    cstackBANK0  00045
___fleq                          text19       01EC6
___fleq@ff1                      cstackBANK0  00020
___fleq@ff2                      cstackBANK0  00024
___flge                          text18       01210
___flge@ff1                      cstackBANK0  00043
___flge@ff2                      cstackBANK0  00047
___flmul                         text16       004B4
___flmul@a                       cstackBANK0  0002D
___flmul@aexp                    cstackBANK0  0003B
___flmul@b                       cstackBANK0  00029
___flmul@bexp                    cstackBANK0  0003C
___flmul@grs                     cstackBANK0  00037
___flmul@prod                    cstackBANK0  0003D
___flmul@sign                    cstackBANK0  00036
___flmul@temp                    cstackBANK0  00041
___flneg                         text15       01C39
___flneg@f1                      cstackBANK0  00020
___flsub                         text13       01D14
___flsub@a                       cstackBANK0  00043
___flsub@b                       cstackBANK0  00047
___fltol                         text12       01061
___fltol@exp1                    cstackBANK0  00029
___fltol@f1                      cstackBANK0  00020
___fltol@sign1                   cstackBANK0  00028
___fpclassifyf                   text11       01198
___fpclassifyf@F465              bssBANK2     00124
___fpclassifyf@e                 cstackBANK0  0002A
___fpclassifyf@u                 cstackBANK0  0002C
___fpclassifyf@x                 cstackBANK0  00020
___heap_hi                       (abs)        00000
___heap_lo                       (abs)        00000
___int_sp                        stack        00000
___int_stack_hi                  stack        00000
___int_stack_lo                  stack        00000
___latbits                       (abs)        00002
___sp                            stack        00000
___stack_hi                      stack        00000
___stack_lo                      stack        00000
___stackhi                       (abs)        00000
___stacklo                       (abs)        00000
___wmul                          text5        01CF8
___wmul@multiplicand             cstackBANK0  00022
___wmul@multiplier               cstackBANK0  00020
___wmul@product                  cstackBANK0  00024
___xxtofl                        text29       00800
___xxtofl@arg                    cstackBANK0  00030
___xxtofl@exp                    cstackBANK0  0002F
___xxtofl@sign                   cstackBANK0  0002E
___xxtofl@val                    cstackBANK0  00026
__end_of_ADC_GetConversionResult text40       01C39
__end_of_ADC_Initialize          text39       01C1F
__end_of_ADC_IsConversionDone    text38       01C0F
__end_of_ADC_StartConversion     text37       01004
__end_of_IOC                     intentry     0021D
__end_of_Keypad_Get_Char         text50       007D8
__end_of_Keypad_Init             text49       01C30
__end_of_Lcd_Clear               text34       01C27
__end_of_Lcd_Cmd                 text35       01C90
__end_of_Lcd_Init                text33       01FAE
__end_of_Lcd_Port                text36       01D96
__end_of_Lcd_Set_Cursor          text32       01198
__end_of_Lcd_Write_Char          text31       01E29
__end_of_Lcd_Write_String        text30       01CF8
__end_of__Umul8_16               text17       01D53
__end_of___awdiv                 text28       02000
__end_of___awmod                 text27       01EC6
__end_of___fladd                 text14       01800
__end_of___fldiv                 text20       014B9
__end_of___fleq                  text19       01F0F
__end_of___flge                  text18       0128C
__end_of___flmul                 text16       006C4
__end_of___flneg                 text15       01C43
__end_of___flsub                 text13       01D33
__end_of___fltol                 text12       010C3
__end_of___fpclassifyf           text11       01210
__end_of___wmul                  text5        01D14
__end_of___xxtofl                text29       00894
__end_of__initialization         cinit        00249
__end_of_abs                     text26       01C52
__end_of_dtoa                    text21       01349
__end_of_efgtoa                  text6        01000
__end_of_floorf                  text10       0096C
__end_of_fputc                   text24       01F5E
__end_of_fputs                   text23       01DB8
__end_of_labs                    text9        01C65
__end_of_main                    maintext     004B4
__end_of_memcpy                  text8        01DFE
__end_of_pad                     text22       01E54
__end_of_putch                   text25       00004
__end_of_read_prec_or_width      text4        01061
__end_of_sprintf                 text1        01DDA
__end_of_strcmp                  text48       01E80
__end_of_strcpy                  text7        01CDC
__end_of_vfpfcnvrt               text3        0164E
__end_of_vfprintf                text2        01D74
__end_ofi1_Lcd_Clear             text45       01C17
__end_ofi1_Lcd_Cmd               text46       01C79
__end_ofi1_Lcd_Port              text47       01CA8
__end_ofi1_Lcd_Set_Cursor        text44       0112B
__end_ofi1_Lcd_Write_Char        text43       00800
__end_ofi1_Lcd_Write_String      text42       01CC2
__initialization                 cinit        0021F
__pbssBANK1                      bssBANK1     000EF
__pbssBANK2                      bssBANK2     00120
__pbssBANK3                      bssBANK3     001A0
__pbssBANK4                      bssBANK4     00220
__pbssCOMMON                     bssCOMMON    0007C
__pcstackBANK0                   cstackBANK0  00020
__pcstackBANK1                   cstackBANK1  000A0
__pcstackBANK2                   cstackBANK2  0013F
__pcstackCOMMON                  cstackCOMMON 00070
__pdataBANK2                     dataBANK2    0015E
__pidataBANK2                    idataBANK2   01BFD
__pintentry                      intentry     00004
__pmaintext                      maintext     0024D
__pstringtext1                   stringtext1  01800
__pstringtext10                  stringtext10 01878
__pstringtext11                  stringtext11 0187F
__pstringtext12                  stringtext12 01883
__pstringtext13                  stringtext13 01887
__pstringtext14                  stringtext14 00000
__pstringtext2                   stringtext2  01811
__pstringtext3                   stringtext3  01822
__pstringtext4                   stringtext4  01832
__pstringtext5                   stringtext5  01841
__pstringtext6                   stringtext6  01850
__pstringtext7                   stringtext7  0185F
__pstringtext8                   stringtext8  01868
__pstringtext9                   stringtext9  01871
__ptext1                         text1        01DB8
__ptext10                        text10       00894
__ptext11                        text11       01198
__ptext12                        text12       01061
__ptext13                        text13       01D14
__ptext14                        text14       0164E
__ptext15                        text15       01C39
__ptext16                        text16       004B4
__ptext17                        text17       01D33
__ptext18                        text18       01210
__ptext19                        text19       01EC6
__ptext2                         text2        01D53
__ptext20                        text20       01349
__ptext21                        text21       0128C
__ptext22                        text22       01E29
__ptext23                        text23       01D96
__ptext24                        text24       01F0F
__ptext25                        text25       00003
__ptext26                        text26       01C43
__ptext27                        text27       01E80
__ptext28                        text28       01FAE
__ptext29                        text29       00800
__ptext3                         text3        014B9
__ptext30                        text30       01CDC
__ptext31                        text31       01DFE
__ptext32                        text32       0112B
__ptext33                        text33       01F5E
__ptext34                        text34       01C1F
__ptext35                        text35       01C79
__ptext36                        text36       01D74
__ptext37                        text37       01001
__ptext38                        text38       01C08
__ptext39                        text39       01C17
__ptext4                         text4        01004
__ptext40                        text40       01C30
__ptext42                        text42       01CA8
__ptext43                        text43       007D8
__ptext44                        text44       010C3
__ptext45                        text45       01C0F
__ptext46                        text46       01C65
__ptext47                        text47       01C90
__ptext48                        text48       01E54
__ptext49                        text49       01C27
__ptext5                         text5        01CF8
__ptext50                        text50       006C4
__ptext6                         text6        0096C
__ptext7                         text7        01CC2
__ptext8                         text8        01DDA
__ptext9                         text9        01C52
_abs                             text26       01C43
_buffer                          bssBANK3     001A0
_clave                           bssBANK2     00138
_clave_enter                     dataBANK2    0015E
_cont_key                        bssBANK2     00132
_convertedValue                  bssBANK2     0013D
_dbuf                            bssBANK4     00220
_dtoa                            text21       0128C
_dtoa$1339                       cstackBANK0  00039
_efgtoa                          text6        0096C
_efgtoa$1370                     cstackBANK1  000A6
_estado                          bssBANK2     00130
_flags                           bssCOMMON    0007C
_floorf                          text10       00894
_fputc                           text24       01F0F
_fputs                           text23       01D96
_hor                             bssBANK2     00136
_labs                            text9        01C52
_main                            maintext     0024D
_memcpy                          text8        01DDA
_min                             bssBANK2     00137
_pad                             text22       01E29
_prec                            bssBANK2     0012E
_putch                           text25       00003
_read_prec_or_width              text4        01004
_seg                             bssBANK1     000EF
_sprintf                         text1        01DB8
_strcmp                          text48       01E54
_strcpy                          text7        01CC2
_tecla                           bssCOMMON    0007D
_temp                            bssBANK2     00128
_vfpfcnvrt                       text3        014B9
_vfprintf                        text2        01D53
_width                           bssBANK2     0012C
abs@a                            cstackBANK0  00027
btemp                            (abs)        0007E
clear_ram0                       clrtext      01C02
dtoa@d                           cstackBANK0  00036
dtoa@fp                          cstackBANK0  0003B
dtoa@i                           cstackBANK0  00041
dtoa@p                           cstackBANK0  0003C
dtoa@s                           cstackBANK0  00040
dtoa@w                           cstackBANK0  0003E
efgtoa@c                         cstackBANK0  00066
efgtoa@d                         cstackBANK1  000AB
efgtoa@e                         cstackBANK1  000B0
efgtoa@f                         cstackBANK0  00062
efgtoa@fp                        cstackBANK1  000AF
efgtoa@g                         cstackBANK1  000C3
efgtoa@h                         cstackBANK1  000B8
efgtoa@i                         cstackBANK1  000C0
efgtoa@l                         cstackBANK1  000BC
efgtoa@m                         cstackBANK1  000AD
efgtoa@mode                      cstackBANK1  000A9
efgtoa@n                         cstackBANK1  000C7
efgtoa@ne                        cstackBANK1  000A0
efgtoa@nmode                     cstackBANK1  000AA
efgtoa@ou                        cstackBANK1  000B4
efgtoa@p                         cstackBANK1  000A2
efgtoa@pp                        cstackBANK1  000A8
efgtoa@sign                      cstackBANK1  000C2
efgtoa@t                         cstackBANK1  000A4
efgtoa@u                         cstackBANK1  000C9
efgtoa@w                         cstackBANK1  000B2
end_of_initialization            cinit        00249
floorf@F521                      bssBANK2     00120
floorf@e                         cstackBANK0  0005C
floorf@m                         cstackBANK0  00058
floorf@u                         cstackBANK0  0005E
floorf@x                         cstackBANK0  0004E
fputc@c                          cstackBANK0  00020
fputc@fp                         cstackBANK0  00022
fputs@c                          cstackBANK0  0002B
fputs@fp                         cstackBANK0  00028
fputs@i                          cstackBANK0  0002C
fputs@s                          cstackBANK0  0002E
i1Lcd_Cmd@a                      cstackCOMMON 00072
i1Lcd_Port@a                     cstackCOMMON 00070
i1Lcd_Set_Cursor@a               cstackCOMMON 00075
i1Lcd_Set_Cursor@b               cstackCOMMON 00073
i1Lcd_Set_Cursor@temp            cstackCOMMON 00078
i1Lcd_Set_Cursor@y               cstackCOMMON 00077
i1Lcd_Set_Cursor@z               cstackCOMMON 00076
i1Lcd_Write_Char@a               cstackCOMMON 00074
i1Lcd_Write_Char@temp            cstackCOMMON 00072
i1Lcd_Write_Char@y               cstackCOMMON 00073
i1Lcd_Write_String@a             cstackCOMMON 00075
i1Lcd_Write_String@i             cstackCOMMON 00078
i1_Lcd_Clear                     text45       01C0F
i1_Lcd_Cmd                       text46       01C65
i1_Lcd_Port                      text47       01C90
i1_Lcd_Set_Cursor                text44       010C3
i1_Lcd_Write_Char                text43       007D8
i1_Lcd_Write_String              text42       01CA8
int$flags                        (abs)        0007E
intlevel0                        functab      00000
intlevel1                        functab      00000
intlevel2                        functab      00000
intlevel3                        functab      00000
intlevel4                        functab      00000
intlevel5                        functab      00000
labs@a                           cstackBANK0  00020
main@contadorTemp                cstackBANK1  000ED
memcpy@d                         cstackBANK0  00026
memcpy@d1                        cstackBANK0  00025
memcpy@n                         cstackBANK0  00021
memcpy@s                         cstackBANK0  00027
memcpy@s1                        cstackBANK0  00020
memcpy@tmp                       cstackBANK0  00024
pad@buf                          cstackBANK0  0002F
pad@fp                           cstackBANK0  00035
pad@i                            cstackBANK0  00033
pad@p                            cstackBANK0  00030
read_prec_or_width@ap            cstackBANK0  00026
read_prec_or_width@c             cstackBANK0  0002B
read_prec_or_width@fmt           cstackBANK0  0002E
read_prec_or_width@n             cstackBANK0  0002C
reset_vec                        reset_vec    00000
sprintf@ap                       cstackBANK2  00140
sprintf@f                        cstackBANK2  00141
sprintf@fmt                      cstackBANK1  000DE
sprintf@s                        cstackBANK2  0013F
start                            init         0021D
start_initialization             cinit        0021F
strcmp@l                         cstackCOMMON 00073
strcmp@r                         cstackCOMMON 00070
strcpy@d                         cstackBANK0  00024
strcpy@dest                      cstackBANK0  00025
strcpy@src                       cstackBANK0  00020
vfpfcnvrt@ap                     cstackBANK0  0006C
vfpfcnvrt@c                      cstackBANK1  000D6
vfpfcnvrt@convarg                cstackBANK1  000D2
vfpfcnvrt@cp                     cstackBANK1  000D8
vfpfcnvrt@done                   cstackBANK1  000D1
vfpfcnvrt@fmt                    cstackBANK0  0006B
vfpfcnvrt@fp                     cstackBANK1  000D7
vfprintf@ap                      cstackBANK0  0006F
vfprintf@cfmt                    cstackBANK1  000DC
vfprintf@fmt                     cstackBANK0  0006D
vfprintf@fp                      cstackBANK1  000DB
wtemp0                           (abs)        0007E


MODULE INFORMATION

Module		Function		Class		Link	Load	Size
C:\Program Files\Microchip\xc8\v2.45\pic\sources\c99\common\Umul16.c
		___wmul        		CODE           	1CF8	0000	28

C:\Program Files\Microchip\xc8\v2.45\pic\sources\c99\common\Umul16.c estimated size: 28

C:\Program Files\Microchip\xc8\v2.45\pic\sources\c99\common\fleq.c
		___fleq        		CODE           	1EC6	0000	73

C:\Program Files\Microchip\xc8\v2.45\pic\sources\c99\common\fleq.c estimated size: 73

C:\Program Files\Microchip\xc8\v2.45\pic\sources\c99\common\memcpy.c
		_memcpy        		CODE           	1DDA	0000	36

C:\Program Files\Microchip\xc8\v2.45\pic\sources\c99\common\memcpy.c estimated size: 36

C:\Program Files\Microchip\xc8\v2.45\pic\sources\c99\common\flneg.c
		___flneg       		CODE           	1C39	0000	10

C:\Program Files\Microchip\xc8\v2.45\pic\sources\c99\common\flneg.c estimated size: 10

C:\Program Files\Microchip\xc8\v2.45\pic\sources\c99\common\sprcmul.c
		___flmul       		CODE           	04B4	0000	528

C:\Program Files\Microchip\xc8\v2.45\pic\sources\c99\common\sprcmul.c estimated size: 528

mcc_generated_files/adc.c
		_ADC_Initialize		CODE           	1C17	0000	8
		_ADC_IsConversionDone		CODE           	1C08	0000	7
		_ADC_GetConversionResult		CODE           	1C30	0000	9
		_ADC_StartConversion		CODE           	1001	0000	3

mcc_generated_files/adc.c estimated size: 27

C:\Program Files\Microchip\xc8\v2.45\pic\sources\c99\common\labs.c
		_labs          		CODE           	1C52	0000	19

C:\Program Files\Microchip\xc8\v2.45\pic\sources\c99\common\labs.c estimated size: 19

C:\Program Files\Microchip\xc8\v2.45\pic\sources\c99\common\nf_fputs.c
		_fputs         		CODE           	1D96	0000	34

C:\Program Files\Microchip\xc8\v2.45\pic\sources\c99\common\nf_fputs.c estimated size: 34

C:\Program Files\Microchip\xc8\v2.45\pic\sources\c99\common\sprcdiv.c
		___fldiv       		CODE           	1349	0000	368

C:\Program Files\Microchip\xc8\v2.45\pic\sources\c99\common\sprcdiv.c estimated size: 368

C:\Program Files\Microchip\xc8\v2.45\pic\sources\c99\common\floorf.c
		_floorf        		CODE           	0894	0000	216

C:\Program Files\Microchip\xc8\v2.45\pic\sources\c99\common\floorf.c estimated size: 216

C:\Program Files\Microchip\xc8\v2.45\pic\sources\c99\common\nf_sprintf.c
		_sprintf       		CODE           	1DB8	0000	34

C:\Program Files\Microchip\xc8\v2.45\pic\sources\c99\common\nf_sprintf.c estimated size: 34

C:\Program Files\Microchip\xc8\v2.45\pic\sources\c99\common\awmod.c
		___awmod       		CODE           	1E80	0000	70

C:\Program Files\Microchip\xc8\v2.45\pic\sources\c99\common\awmod.c estimated size: 70

C:\Program Files\Microchip\xc8\v2.45\pic\sources\c99\common\putch.c
		_putch         		CODE           	0003	0000	1

C:\Program Files\Microchip\xc8\v2.45\pic\sources\c99\common\putch.c estimated size: 1

C:\Program Files\Microchip\xc8\v2.45\pic\sources\c99\common\flge.c
		___flge        		CODE           	1210	0000	124

C:\Program Files\Microchip\xc8\v2.45\pic\sources\c99\common\flge.c estimated size: 124

shared
		i1_Lcd_Write_Char		CODE           	07D8	0000	40
		i1_Lcd_Port    		CODE           	1C90	0000	24
		i1_Lcd_Cmd     		CODE           	1C65	0000	20
		i1_Lcd_Clear   		CODE           	1C0F	0000	8
		__initialization		CODE           	021F	0000	42
		i1_Lcd_Set_Cursor		CODE           	10C3	0000	104
		i1_Lcd_Write_String		CODE           	1CA8	0000	26

shared estimated size: 264

C:\Program Files\Microchip\xc8\v2.45\pic\sources\c99\common\xxtofl.c
		___xxtofl      		CODE           	0800	0000	148

C:\Program Files\Microchip\xc8\v2.45\pic\sources\c99\common\xxtofl.c estimated size: 148

C:\Program Files\Microchip\xc8\v2.45\pic\sources\c99\common\abs.c
		_abs           		CODE           	1C43	0000	15

C:\Program Files\Microchip\xc8\v2.45\pic\sources\c99\common\abs.c estimated size: 15

kbd4x3.c
		_Keypad_Init   		CODE           	1C27	0000	9
		_Keypad_Get_Char		CODE           	06C4	0000	276

kbd4x3.c estimated size: 285

C:\Program Files\Microchip\xc8\v2.45\pic\sources\c99\common\__fpclassifyf.c
		___fpclassifyf 		CODE           	1198	0000	120

C:\Program Files\Microchip\xc8\v2.45\pic\sources\c99\common\__fpclassifyf.c estimated size: 120

C:\Program Files\Microchip\xc8\v2.45\pic\sources\c99\common\strcmp.c
		_strcmp        		CODE           	1E54	0000	44

C:\Program Files\Microchip\xc8\v2.45\pic\sources\c99\common\strcmp.c estimated size: 44

C:\Program Files\Microchip\xc8\v2.45\pic\sources\c99\common\strcpy.c
		_strcpy        		CODE           	1CC2	0000	26

C:\Program Files\Microchip\xc8\v2.45\pic\sources\c99\common\strcpy.c estimated size: 26

C:\Program Files\Microchip\xc8\v2.45\pic\sources\c99\common\Umul8_16.c
		__Umul8_16     		CODE           	1D33	0000	32

C:\Program Files\Microchip\xc8\v2.45\pic\sources\c99\common\Umul8_16.c estimated size: 32

lcd.c
		_Lcd_Write_String		CODE           	1CDC	0000	28
		_Lcd_Init      		CODE           	1F5E	0000	80
		_Lcd_Write_Char		CODE           	1DFE	0000	43
		_Lcd_Cmd       		CODE           	1C79	0000	23
		_Lcd_Set_Cursor		CODE           	112B	0000	109
		_Lcd_Clear     		CODE           	1C1F	0000	8
		_Lcd_Port      		CODE           	1D74	0000	34

lcd.c estimated size: 325

C:\Program Files\Microchip\xc8\v2.45\pic\sources\c99\common\sprcadd.c
		___flsub       		CODE           	1D14	0000	31
		___fladd       		CODE           	164E	0000	434

C:\Program Files\Microchip\xc8\v2.45\pic\sources\c99\common\sprcadd.c estimated size: 465

main.c
		_main          		CODE           	024D	0000	615
		_IOC           		CODE           	0004	0000	537

main.c estimated size: 1152

C:\Program Files\Microchip\xc8\v2.45\pic\sources\c99\common\nf_fputc.c
		_fputc         		CODE           	1F0F	0000	79

C:\Program Files\Microchip\xc8\v2.45\pic\sources\c99\common\nf_fputc.c estimated size: 79

C:\Program Files\Microchip\xc8\v2.45\pic\sources\c99\common\doprnt.c
		_read_prec_or_width		CODE           	1004	0000	93
		_vfpfcnvrt     		CODE           	14B9	0000	405
		_efgtoa        		CODE           	096C	0000	1684
		_pad           		CODE           	1E29	0000	43
		_dtoa          		CODE           	128C	0000	189
		_vfprintf      		CODE           	1D53	0000	33

C:\Program Files\Microchip\xc8\v2.45\pic\sources\c99\common\doprnt.c estimated size: 2447

C:\Program Files\Microchip\xc8\v2.45\pic\sources\c99\common\awdiv.c
		___awdiv       		CODE           	1FAE	0000	82

C:\Program Files\Microchip\xc8\v2.45\pic\sources\c99\common\awdiv.c estimated size: 82

C:\Program Files\Microchip\xc8\v2.45\pic\sources\c99\common\fltol.c
		___fltol       		CODE           	1061	0000	98

C:\Program Files\Microchip\xc8\v2.45\pic\sources\c99\common\fltol.c estimated size: 98

