Microchip MPLAB XC8 Compiler V2.45

Linker command line:

-W-3 \
  --edf=C:\Program Files\Microchip\xc8\v2.45\pic\dat\20230818022343_en.msgs \
  -cn \
  -h+.ca/dist/PRO_Comparison/production\Control_de_Acceso.X.production.sym \
  --cmf=.ca/dist/PRO_Comparison/production\Control_de_Acceso.X.production.cmf \
  -z -Q16F1937 -oC:\Users\user\AppData\Local\Temp\xcAs9i0.\driver_tmp_3.o \
  --defsym=__MPLAB_BUILD=1 --fixupoverflow=error \
  -M.ca/dist/PRO_Comparison/production/Control_de_Acceso.X.production.map \
  --md=C:\Users\user\AppData\Local\Temp\xcAs9i0.\driver_tmp_0.dat -E1 \
  -ver=XC8 Compiler --acfsm=1493 -ACODE=00h-07FFhx4 -ASTRCODE=00h-01FFFh \
  -ASTRING=00h-0FFhx32 -ACONST=00h-0FFhx32 -AENTRY=00h-0FFhx32 \
  -ACOMMON=070h-07Fh -ABANK0=020h-06Fh -ABANK1=0A0h-0EFh \
  -ABANK2=0120h-016Fh -ABANK3=01A0h-01EFh -ABANK4=0220h-026Fh \
  -ABANK5=02A0h-02EFh -ABANK6=0320h-032Fh -ABIGRAM=02000h-021EFh \
  -ARAM=020h-06Fh,0A0h-0EFh,0120h-016Fh,01A0h-01EFh,0220h-026Fh,02A0h-02EFh,0320h-032Fh \
  -AABS1=020h-07Fh,0A0h-0EFh,0120h-016Fh,01A0h-01EFh,0220h-026Fh,02A0h-02EFh,0320h-032Fh \
  -ASFR0=00h-01Fh -ASFR1=080h-09Fh -ASFR2=0100h-011Fh -ASFR3=0180h-019Fh \
  -ASFR4=0200h-021Fh -ASFR5=0280h-029Fh -ASFR6=0300h-031Fh \
  -ASFR7=0380h-03EFh -ASFR8=0400h-046Fh -ASFR9=0480h-04EFh \
  -ASFR10=0500h-056Fh -ASFR11=0580h-05EFh -ASFR12=0600h-066Fh \
  -ASFR13=0680h-06EFh -ASFR14=0700h-076Fh -ASFR15=0780h-07EFh \
  -ASFR16=0800h-086Fh -ASFR17=0880h-08EFh -ASFR18=0900h-096Fh \
  -ASFR19=0980h-09EFh -ASFR20=0A00h-0A6Fh -ASFR21=0A80h-0AEFh \
  -ASFR22=0B00h-0B6Fh -ASFR23=0B80h-0BEFh -ASFR24=0C00h-0C6Fh \
  -ASFR25=0C80h-0CEFh -ASFR26=0D00h-0D6Fh -ASFR27=0D80h-0DEFh \
  -ASFR28=0E00h-0E6Fh -ASFR29=0E80h-0EEFh -ASFR30=0F00h-0F6Fh \
  -ASFR31=0F80h-0FEFh -ACONFIG=08007h-08008h -DCONFIG=2 \
  -AIDLOC=08000h-08003h -DIDLOC=2 -AEEDATA=00h-0FFh/0F000h \
  -peeprom_data=EEDATA -DEEDATA=2 -DCODE=2 -DSTRCODE=2 -DSTRING=2 -DCONST=2 \
  -DENTRY=2 -preset_vec=00h,intentry=04h,init,end_init -ppowerup=CODE \
  -pcinit=CODE -pfunctab=ENTRY -k \
  C:\Users\user\AppData\Local\Temp\xcAs9i0.\driver_tmp_20.o \
  .ca/dist/PRO_Comparison/production\Control_de_Acceso.X.production.o 

Object code version is 3.11

Machine type is 16F1937



                Name                               Link     Load   Length Selector   Space Scale
C:\Users\user\AppData\Local\Temp\xcAs9i0.\driver_tmp_20.o
                end_init                            237      237        2        8       0
                reset_vec                             0        0        2        0       0
                config                             8007     8007        2        0       4
.ca/dist/PRO_Comparison/production\Control_de_Acceso.X.production.o
                cinit                               239      239       2F        8       0
                intentry                              4        4      233        8       0
                config                             8007     8007        2        0       4
                text50                             1165     1165      144     22CA       0
                text49                             1969     1969        9     32D2       0
                text48                             1BB3     1BB3       30     3766       0
                text47                             1A44     1A44       20     3488       0
                text46                             19AB     19AB       14     3356       0
                text45                             1972     1972        9     32E4       0
                text44                             1E92     1E92       75     3D24       0
                text43                             1B0E     1B0E       28     361C       0
                text42                             1A08     1A08       1D     3410       0
                text40                             197B     197B        9     32F6       0
                text39                             1961     1961        8     32C2       0
                text38                             195A     195A        7     32B4       0
                text37                             1000     1000        3     11DA       0
                text36                             1B5E     1B5E       2A     36BC       0
                text35                             19D5     19D5       17     33AA       0
                text34                             1984     1984        9     3308       0
                text33                             1C62     1C62       51     38C4       0
                text32                             1F07     1F07       7A     3E0E       0
                text31                             1B88     1B88       2B     3710       0
                text30                             1A25     1A25       1F     344A       0
                text29                              730      730       AB        8       0
                text28                             1D60     1D60       60     3AC0       0
                text27                             1CB3     1CB3       54     3966       0
                text26                             1999     1999       12     3332       0
                text25                                3        3        1        6       0
                text24                             1D07     1D07       59     3A0E       0
                text23                              7DB      7DB       25        8       0
                text22                             1BE3     1BE3       30     37C6       0
                text21                             108E     108E       D7     211C       0
                text20                             144E     144E      1AA     289C       0
                text19                             1C13     1C13       4F     3826       0
                text18                             1003     1003       8B     2006       0
                text17                             1AEA     1AEA       24     35D4       0
                text16                              4F5      4F5      23B        8       0
                text15                             198D     198D        C     331A       0
                text14                             15F8     15F8      208     2BF0       0
                text13                             1A64     1A64       20     34C8       0
                text12                             1E21     1E21       71     3C42       0
                text11                             1F81     1F81       7F     3F02       0
                text10                              802      802       EB     1004       0
                text9                              19BF     19BF       16     337E       0
                text8                              1B36     1B36       28     366C       0
                text7                              19EC     19EC       1C     33D8       0
                text6                               8ED      8ED      713     11DA       0
                text5                              1A84     1A84       20     3508       0
                text4                              1DC0     1DC0       61     3B80       0
                text3                              12A9     12A9      1A5     2552       0
                text2                              1AA4     1AA4       23     3548       0
                text1                              1AC7     1AC7       23     358E       0
                maintext                            268      268      28D        8       0
                cstackBANK0                          20       20       50       20       1
                cstackCOMMON                         70       70        C       70       1
                cstackBANK1                          A0       A0       4F       A0       1
                cstackBANK2                         13F      13F       1F      120       1
                clrtext                            1954     1954        6     32A8       0
                bssBANK4                            220      220       50      220       1
                bssBANK3                            1A0      1A0       14      1A0       1
                dataBANK2                           15E      15E        5      120       1
                bssBANK2                            120      120       1F      120       1
                bssBANK1                             EF       EF        1       A0       1
                bssCOMMON                            7C       7C        2       70       1
                stringtext13                       1887     1887        2     3000       0
                stringtext12                       1883     1883        4     3000       0
                stringtext11                       187F     187F        4     3000       0
                stringtext10                       1878     1878        7     3000       0
                stringtext9                        1871     1871        7     3000       0
                stringtext8                        1868     1868        9     3000       0
                stringtext7                        185F     185F        9     3000       0
                stringtext6                        1850     1850        F     3000       0
                stringtext5                        1841     1841        F     3000       0
                stringtext4                        1832     1832        F     3000       0
                stringtext3                        1822     1822       10     3000       0
                stringtext2                        1811     1811       11     3000       0
                stringtext1                        1800     1800       11     3000       0
                idataBANK2                         194F     194F        5     329E       0

TOTAL           Name                               Link     Load   Length     Space
        CLASS   CODE           
                end_init                            237      237        2         0
                cinit                               239      239       2F         0
                intentry                              4        4      233         0
                reset_vec                             0        0        2         0
                text50                             1165     1165      144         0
                text49                             1969     1969        9         0
                text48                             1BB3     1BB3       30         0
                text47                             1A44     1A44       20         0
                text46                             19AB     19AB       14         0
                text45                             1972     1972        9         0
                text44                             1E92     1E92       75         0
                text43                             1B0E     1B0E       28         0
                text42                             1A08     1A08       1D         0
                text40                             197B     197B        9         0
                text39                             1961     1961        8         0
                text38                             195A     195A        7         0
                text37                             1000     1000        3         0
                text36                             1B5E     1B5E       2A         0
                text35                             19D5     19D5       17         0
                text34                             1984     1984        9         0
                text33                             1C62     1C62       51         0
                text32                             1F07     1F07       7A         0
                text31                             1B88     1B88       2B         0
                text30                             1A25     1A25       1F         0
                text29                              730      730       AB         0
                text28                             1D60     1D60       60         0
                text27                             1CB3     1CB3       54         0
                text26                             1999     1999       12         0
                text25                                3        3        1         0
                text24                             1D07     1D07       59         0
                text23                              7DB      7DB       25         0
                text22                             1BE3     1BE3       30         0
                text21                             108E     108E       D7         0
                text20                             144E     144E      1AA         0
                text19                             1C13     1C13       4F         0
                text18                             1003     1003       8B         0
                text17                             1AEA     1AEA       24         0
                text16                              4F5      4F5      23B         0
                text15                             198D     198D        C         0
                text14                             15F8     15F8      208         0
                text13                             1A64     1A64       20         0
                text12                             1E21     1E21       71         0
                text11                             1F81     1F81       7F         0
                text10                              802      802       EB         0
                text9                              19BF     19BF       16         0
                text8                              1B36     1B36       28         0
                text7                              19EC     19EC       1C         0
                text6                               8ED      8ED      713         0
                text5                              1A84     1A84       20         0
                text4                              1DC0     1DC0       61         0
                text3                              12A9     12A9      1A5         0
                text2                              1AA4     1AA4       23         0
                text1                              1AC7     1AC7       23         0
                maintext                            268      268      28D         0
                clrtext                            1954     1954        6         0
                idataBANK2                         194F     194F        5         0

        CLASS   STRCODE        
                stringtext13                       1887     1887        2         0
                stringtext12                       1883     1883        4         0
                stringtext11                       187F     187F        4         0
                stringtext10                       1878     1878        7         0
                stringtext9                        1871     1871        7         0
                stringtext8                        1868     1868        9         0
                stringtext7                        185F     185F        9         0
                stringtext6                        1850     1850        F         0
                stringtext5                        1841     1841        F         0
                stringtext4                        1832     1832        F         0
                stringtext3                        1822     1822       10         0
                stringtext2                        1811     1811       11         0
                stringtext1                        1800     1800       11         0

        CLASS   STRING         

        CLASS   CONST          

        CLASS   ENTRY          

        CLASS   COMMON         
                cstackCOMMON                         70       70        C         1
                bssCOMMON                            7C       7C        2         1

        CLASS   BANK0          
                cstackBANK0                          20       20       50         1

        CLASS   BANK1          
                cstackBANK1                          A0       A0       4F         1
                bssBANK1                             EF       EF        1         1

        CLASS   BANK2          
                cstackBANK2                         13F      13F       1F         1
                dataBANK2                           15E      15E        5         1
                bssBANK2                            120      120       1F         1

        CLASS   BANK3          
                bssBANK3                            1A0      1A0       14         1

        CLASS   BANK4          
                bssBANK4                            220      220       50         1

        CLASS   BANK5          

        CLASS   BANK6          

        CLASS   BIGRAM         

        CLASS   RAM            

        CLASS   ABS1           
                abs_s1                               7E       7E        2         1

        CLASS   SFR0           

        CLASS   SFR1           

        CLASS   SFR2           

        CLASS   SFR3           

        CLASS   SFR4           

        CLASS   SFR5           

        CLASS   SFR6           

        CLASS   SFR7           

        CLASS   SFR8           

        CLASS   SFR9           

        CLASS   SFR10          

        CLASS   SFR11          

        CLASS   SFR12          

        CLASS   SFR13          

        CLASS   SFR14          

        CLASS   SFR15          

        CLASS   SFR16          

        CLASS   SFR17          

        CLASS   SFR18          

        CLASS   SFR19          

        CLASS   SFR20          

        CLASS   SFR21          

        CLASS   SFR22          

        CLASS   SFR23          

        CLASS   SFR24          

        CLASS   SFR25          

        CLASS   SFR26          

        CLASS   SFR27          

        CLASS   SFR28          

        CLASS   SFR29          

        CLASS   SFR30          

        CLASS   SFR31          

        CLASS   CONFIG         
                config                             8007     8007        2         4

        CLASS   IDLOC          

        CLASS   EEDATA         

        CLASS   BANK31         

        CLASS   BANK30         

        CLASS   BANK29         

        CLASS   BANK28         

        CLASS   BANK27         

        CLASS   BANK26         

        CLASS   BANK25         

        CLASS   BANK24         

        CLASS   BANK23         

        CLASS   BANK22         

        CLASS   BANK21         

        CLASS   BANK20         

        CLASS   BANK19         

        CLASS   BANK18         

        CLASS   BANK17         

        CLASS   BANK16         

        CLASS   BANK15         

        CLASS   BANK14         

        CLASS   BANK13         

        CLASS   BANK12         

        CLASS   BANK11         

        CLASS   BANK10         

        CLASS   BANK9          

        CLASS   BANK8          

        CLASS   BANK7          

        CLASS   HEAP           

        CLASS   STACK          



SEGMENTS        Name                           Load    Length   Top    Selector   Space  Class     Delta

                reset_vec                      000000  000002  000002         0       0  CODE        2
                text25                         000003  000001  000004         6       0  CODE        2
                intentry                       000004  0007FC  000800         8       0  CODE        2
                cstackBANK0                    000020  000050  000070        20       1  BANK0       1
                cstackCOMMON                   000070  00000E  00007E        70       1  COMMON      1
                cstackBANK1                    0000A0  000050  0000F0        A0       1  BANK1       1
                bssBANK2                       000120  000043  000163       120       1  BANK2       1
                bssBANK3                       0001A0  000014  0001B4       1A0       1  BANK3       1
                bssBANK4                       000220  000050  000270       220       1  BANK4       1
                text10                         000802  0000EB  0008ED      1004       0  CODE        2
                text6                          0008ED  000716  001003      11DA       0  CODE        2
                text18                         001003  00008B  00108E      2006       0  CODE        2
                text21                         00108E  0000D7  001165      211C       0  CODE        2
                text50                         001165  000144  0012A9      22CA       0  CODE        2
                text3                          0012A9  0001A5  00144E      2552       0  CODE        2
                text20                         00144E  0001AA  0015F8      289C       0  CODE        2
                text14                         0015F8  000208  001800      2BF0       0  CODE        2
                stringtext1                    001800  000089  001889      3000       0  STRCODE     2
                idataBANK2                     00194F  000005  001954      329E       0  CODE        2
                clrtext                        001954  000006  00195A      32A8       0  CODE        2
                text38                         00195A  000007  001961      32B4       0  CODE        2
                text39                         001961  000008  001969      32C2       0  CODE        2
                text49                         001969  000009  001972      32D2       0  CODE        2
                text45                         001972  000009  00197B      32E4       0  CODE        2
                text40                         00197B  000009  001984      32F6       0  CODE        2
                text34                         001984  000009  00198D      3308       0  CODE        2
                text15                         00198D  00000C  001999      331A       0  CODE        2
                text26                         001999  000012  0019AB      3332       0  CODE        2
                text46                         0019AB  000014  0019BF      3356       0  CODE        2
                text9                          0019BF  000016  0019D5      337E       0  CODE        2
                text35                         0019D5  000017  0019EC      33AA       0  CODE        2
                text7                          0019EC  00001C  001A08      33D8       0  CODE        2
                text42                         001A08  00001D  001A25      3410       0  CODE        2
                text30                         001A25  00001F  001A44      344A       0  CODE        2
                text47                         001A44  000020  001A64      3488       0  CODE        2
                text13                         001A64  000020  001A84      34C8       0  CODE        2
                text5                          001A84  000020  001AA4      3508       0  CODE        2
                text2                          001AA4  000023  001AC7      3548       0  CODE        2
                text1                          001AC7  000023  001AEA      358E       0  CODE        2
                text17                         001AEA  000024  001B0E      35D4       0  CODE        2
                text43                         001B0E  000028  001B36      361C       0  CODE        2
                text8                          001B36  000028  001B5E      366C       0  CODE        2
                text36                         001B5E  00002A  001B88      36BC       0  CODE        2
                text31                         001B88  00002B  001BB3      3710       0  CODE        2
                text48                         001BB3  000030  001BE3      3766       0  CODE        2
                text22                         001BE3  000030  001C13      37C6       0  CODE        2
                text19                         001C13  00004F  001C62      3826       0  CODE        2
                text33                         001C62  000051  001CB3      38C4       0  CODE        2
                text27                         001CB3  000054  001D07      3966       0  CODE        2
                text24                         001D07  000059  001D60      3A0E       0  CODE        2
                text28                         001D60  000060  001DC0      3AC0       0  CODE        2
                text4                          001DC0  000061  001E21      3B80       0  CODE        2
                text12                         001E21  000071  001E92      3C42       0  CODE        2
                text44                         001E92  000075  001F07      3D24       0  CODE        2
                text32                         001F07  00007A  001F81      3E0E       0  CODE        2
                text11                         001F81  00007F  002000      3F02       0  CODE        2


UNUSED ADDRESS RANGES

        Name                Unused          Largest block    Delta
        BANK2            00163-0016F               D           1
        BANK3            001B4-001EF              3C           1
        BANK5            002A0-002EF              50           1
        BANK6            00320-0032F              10           1
        BIGRAM           02000-021EF             1F0           1
        CODE             00002-00002               1           2
                         00800-00801               2
                         01889-0194E              C6
        CONST            00002-00002               1           2
                         00800-00801               2
                         01889-0194E              77
        EEDATA           0F000-0F0FF             100           2
        ENTRY            00002-00002               1           2
                         00800-00801               2
                         01889-0194E              77
        IDLOC            08000-08003               4           2
        RAM              00163-0016F               D           1
                         001B4-001EF              3C
                         002A0-002EF              50
                         00320-0032F              10
        SFR0             00000-0001F              20           1
        SFR1             00080-0009F              20           1
        SFR10            00500-0056F              70           1
        SFR11            00580-005EF              70           1
        SFR12            00600-0066F              70           1
        SFR13            00680-006EF              70           1
        SFR14            00700-0076F              70           1
        SFR15            00780-007EF              70           1
        SFR16            00800-0086F              70           1
        SFR17            00880-008EF              70           1
        SFR18            00900-0096F              70           1
        SFR19            00980-009EF              70           1
        SFR2             00100-0011F              20           1
        SFR20            00A00-00A6F              70           1
        SFR21            00A80-00AEF              70           1
        SFR22            00B00-00B6F              70           1
        SFR23            00B80-00BEF              70           1
        SFR24            00C00-00C6F              70           1
        SFR25            00C80-00CEF              70           1
        SFR26            00D00-00D6F              70           1
        SFR27            00D80-00DEF              70           1
        SFR28            00E00-00E6F              70           1
        SFR29            00E80-00EEF              70           1
        SFR3             00180-0019F              20           1
        SFR30            00F00-00F6F              70           1
        SFR31            00F80-00FEF              70           1
        SFR4             00200-0021F              20           1
        SFR5             00280-0029F              20           1
        SFR6             00300-0031F              20           1
        SFR7             00380-003EF              70           1
        SFR8             00400-0046F              70           1
        SFR9             00480-004EF              70           1
        STRCODE          00002-00002               1           2
                         00800-00801               2
                         01889-0194E              C6
        STRING           00002-00002               1           2
                         00800-00801               2
                         01889-0194E              77

                                  Symbol Table

?_ADC_GetConversionResult        cstackBANK0  00020
?__Umul8_16                      cstackBANK0  00020
?___awdiv                        cstackBANK0  00020
?___awmod                        cstackBANK0  00020
?___fladd                        cstackBANK0  00020
?___fldiv                        cstackBANK0  00034
?___flmul                        cstackBANK0  00029
?___flneg                        cstackBANK0  00020
?___flsub                        cstackBANK0  00043
?___fltol                        cstackBANK0  00020
?___fpclassifyf                  cstackBANK0  00020
?___wmul                         cstackBANK0  00020
?___xxtofl                       cstackBANK0  00026
?_abs                            cstackBANK0  00027
?_floorf                         cstackBANK0  0004E
?_labs                           cstackBANK0  00020
?_read_prec_or_width             cstackBANK0  00026
?_sprintf                        cstackBANK1  000DE
?_strcmp                         cstackCOMMON 00070
?_vfprintf                       cstackBANK0  0006D
Lcd_Cmd@a                        cstackBANK0  00022
Lcd_Port@a                       cstackBANK0  00020
Lcd_Set_Cursor@a                 cstackBANK0  00025
Lcd_Set_Cursor@b                 cstackBANK0  00023
Lcd_Set_Cursor@temp              cstackBANK0  00028
Lcd_Set_Cursor@y                 cstackBANK0  00027
Lcd_Set_Cursor@z                 cstackBANK0  00026
Lcd_Write_Char@a                 cstackBANK0  00024
Lcd_Write_Char@temp              cstackBANK0  00022
Lcd_Write_Char@y                 cstackBANK0  00023
Lcd_Write_String@a               cstackBANK0  00025
Lcd_Write_String@i               cstackBANK0  00028
_ADCON0                          (abs)        0009D
_ADCON0bits                      (abs)        0009D
_ADCON1                          (abs)        0009E
_ADC_GetConversionResult         text40       0197B
_ADC_Initialize                  text39       01961
_ADC_IsConversionDone            text38       0195A
_ADC_StartConversion             text37       01000
_ADRESH                          (abs)        0009C
_ADRESL                          (abs)        0009B
_ANSELA                          (abs)        0018C
_ANSELB                          (abs)        0018D
_ANSELD                          (abs)        0018F
_ANSELE                          (abs)        00190
_APFCON                          (abs)        0011D
_BORCON                          (abs)        00116
_INTCONbits                      (abs)        0000B
_IOC                             intentry     00004
_IOCBF                           (abs)        00396
_IOCBN                           (abs)        00395
_Keypad_Get_Char                 text50       01165
_Keypad_Init                     text49       01969
_LATA                            (abs)        0010C
_LATAbits                        (abs)        0010C
_LATB                            (abs)        0010D
_LATBbits                        (abs)        0010D
_LATC                            (abs)        0010E
_LATCbits                        (abs)        0010E
_LATD                            (abs)        0010F
_LATDbits                        (abs)        0010F
_LATE                            (abs)        00110
_Lcd_Clear                       text34       01984
_Lcd_Cmd                         text35       019D5
_Lcd_Init                        text33       01C62
_Lcd_Port                        text36       01B5E
_Lcd_Set_Cursor                  text32       01F07
_Lcd_Write_Char                  text31       01B88
_Lcd_Write_String                text30       01A25
_OPTION_REGbits                  (abs)        00095
_OSCCON                          (abs)        00099
_OSCTUNE                         (abs)        00098
_PORTBbits                       (abs)        0000D
_SSPADD                          (abs)        00212
_SSPBUF                          (abs)        00211
_SSPCON1bits                     (abs)        00215
_SSPCON2bits                     (abs)        00216
_SSPCONbits                      (abs)        00215
_SSPSTATbits                     (abs)        00214
_TRISA                           (abs)        0008C
_TRISAbits                       (abs)        0008C
_TRISB                           (abs)        0008D
_TRISBbits                       (abs)        0008D
_TRISC                           (abs)        0008E
_TRISCbits                       (abs)        0008E
_TRISD                           (abs)        0008F
_TRISDbits                       (abs)        0008F
_TRISE                           (abs)        00090
_WDTCON                          (abs)        00097
_WPUB                            (abs)        0020D
_WPUE                            (abs)        00210
__H__absolute__                  __absolute__ 00000
__Habs1                          abs1         00000
__Hbank0                         bank0        00000
__Hbank1                         bank1        00000
__Hbank10                        bank10       00000
__Hbank11                        bank11       00000
__Hbank12                        bank12       00000
__Hbank13                        bank13       00000
__Hbank14                        bank14       00000
__Hbank15                        bank15       00000
__Hbank16                        bank16       00000
__Hbank17                        bank17       00000
__Hbank18                        bank18       00000
__Hbank19                        bank19       00000
__Hbank2                         bank2        00000
__Hbank20                        bank20       00000
__Hbank21                        bank21       00000
__Hbank22                        bank22       00000
__Hbank23                        bank23       00000
__Hbank24                        bank24       00000
__Hbank25                        bank25       00000
__Hbank26                        bank26       00000
__Hbank27                        bank27       00000
__Hbank28                        bank28       00000
__Hbank29                        bank29       00000
__Hbank3                         bank3        00000
__Hbank30                        bank30       00000
__Hbank31                        bank31       00000
__Hbank4                         bank4        00000
__Hbank5                         bank5        00000
__Hbank6                         bank6        00000
__Hbank7                         bank7        00000
__Hbank8                         bank8        00000
__Hbank9                         bank9        00000
__Hbigram                        bigram       00000
__HbssBANK1                      bssBANK1     00000
__HbssBANK2                      bssBANK2     00000
__HbssBANK3                      bssBANK3     00000
__HbssBANK4                      bssBANK4     00000
__HbssCOMMON                     bssCOMMON    00000
__Hcinit                         cinit        00268
__Hclrtext                       clrtext      00000
__Hcode                          code         00000
__Hcommon                        common       00000
__Hconfig                        config       08009
__HcstackBANK0                   cstackBANK0  00000
__HcstackBANK1                   cstackBANK1  00000
__HcstackBANK2                   cstackBANK2  00000
__HcstackCOMMON                  cstackCOMMON 00000
__HdataBANK2                     dataBANK2    00000
__Heeprom_data                   eeprom_data  00000
__Hend_init                      end_init     00239
__Hfunctab                       functab      00000
__Hheap                          heap         00000
__HidataBANK2                    idataBANK2   00000
__Hinit                          init         00237
__Hintentry                      intentry     00237
__Hmaintext                      maintext     00000
__Hpowerup                       powerup      00000
__Hram                           ram          00000
__Hreset_vec                     reset_vec    00002
__Hsfr0                          sfr0         00000
__Hsfr1                          sfr1         00000
__Hsfr10                         sfr10        00000
__Hsfr11                         sfr11        00000
__Hsfr12                         sfr12        00000
__Hsfr13                         sfr13        00000
__Hsfr14                         sfr14        00000
__Hsfr15                         sfr15        00000
__Hsfr16                         sfr16        00000
__Hsfr17                         sfr17        00000
__Hsfr18                         sfr18        00000
__Hsfr19                         sfr19        00000
__Hsfr2                          sfr2         00000
__Hsfr20                         sfr20        00000
__Hsfr21                         sfr21        00000
__Hsfr22                         sfr22        00000
__Hsfr23                         sfr23        00000
__Hsfr24                         sfr24        00000
__Hsfr25                         sfr25        00000
__Hsfr26                         sfr26        00000
__Hsfr27                         sfr27        00000
__Hsfr28                         sfr28        00000
__Hsfr29                         sfr29        00000
__Hsfr3                          sfr3         00000
__Hsfr30                         sfr30        00000
__Hsfr31                         sfr31        00000
__Hsfr4                          sfr4         00000
__Hsfr5                          sfr5         00000
__Hsfr6                          sfr6         00000
__Hsfr7                          sfr7         00000
__Hsfr8                          sfr8         00000
__Hsfr9                          sfr9         00000
__Hspace_0                       (abs)        02000
__Hspace_1                       (abs)        00270
__Hspace_2                       (abs)        00000
__Hspace_3                       (abs)        00000
__Hspace_4                       (abs)        10010
__Hstack                         stack        00000
__Hstrings                       strings      00000
__Hstringtext1                   stringtext1  00000
__Hstringtext10                  stringtext10 00000
__Hstringtext11                  stringtext11 00000
__Hstringtext12                  stringtext12 00000
__Hstringtext13                  stringtext13 00000
__Hstringtext14                  stringtext14 00000
__Hstringtext2                   stringtext2  00000
__Hstringtext3                   stringtext3  00000
__Hstringtext4                   stringtext4  00000
__Hstringtext5                   stringtext5  00000
__Hstringtext6                   stringtext6  00000
__Hstringtext7                   stringtext7  00000
__Hstringtext8                   stringtext8  00000
__Hstringtext9                   stringtext9  00000
__Htext                          text         00000
__L__absolute__                  __absolute__ 00000
__Labs1                          abs1         00000
__Lbank0                         bank0        00000
__Lbank1                         bank1        00000
__Lbank10                        bank10       00000
__Lbank11                        bank11       00000
__Lbank12                        bank12       00000
__Lbank13                        bank13       00000
__Lbank14                        bank14       00000
__Lbank15                        bank15       00000
__Lbank16                        bank16       00000
__Lbank17                        bank17       00000
__Lbank18                        bank18       00000
__Lbank19                        bank19       00000
__Lbank2                         bank2        00000
__Lbank20                        bank20       00000
__Lbank21                        bank21       00000
__Lbank22                        bank22       00000
__Lbank23                        bank23       00000
__Lbank24                        bank24       00000
__Lbank25                        bank25       00000
__Lbank26                        bank26       00000
__Lbank27                        bank27       00000
__Lbank28                        bank28       00000
__Lbank29                        bank29       00000
__Lbank3                         bank3        00000
__Lbank30                        bank30       00000
__Lbank31                        bank31       00000
__Lbank4                         bank4        00000
__Lbank5                         bank5        00000
__Lbank6                         bank6        00000
__Lbank7                         bank7        00000
__Lbank8                         bank8        00000
__Lbank9                         bank9        00000
__Lbigram                        bigram       00000
__LbssBANK1                      bssBANK1     00000
__LbssBANK2                      bssBANK2     00000
__LbssBANK3                      bssBANK3     00000
__LbssBANK4                      bssBANK4     00000
__LbssCOMMON                     bssCOMMON    00000
__Lcinit                         cinit        00239
__Lclrtext                       clrtext      00000
__Lcode                          code         00000
__Lcommon                        common       00000
__Lconfig                        config       00000
__LcstackBANK0                   cstackBANK0  00000
__LcstackBANK1                   cstackBANK1  00000
__LcstackBANK2                   cstackBANK2  00000
__LcstackCOMMON                  cstackCOMMON 00000
__LdataBANK2                     dataBANK2    00000
__Leeprom_data                   eeprom_data  00000
__Lend_init                      end_init     00237
__Lfunctab                       functab      00000
__Lheap                          heap         00000
__LidataBANK2                    idataBANK2   00000
__Linit                          init         00237
__Lintentry                      intentry     00004
__Lmaintext                      maintext     00000
__Lpowerup                       powerup      00000
__Lram                           ram          00000
__Lreset_vec                     reset_vec    00000
__Lsfr0                          sfr0         00000
__Lsfr1                          sfr1         00000
__Lsfr10                         sfr10        00000
__Lsfr11                         sfr11        00000
__Lsfr12                         sfr12        00000
__Lsfr13                         sfr13        00000
__Lsfr14                         sfr14        00000
__Lsfr15                         sfr15        00000
__Lsfr16                         sfr16        00000
__Lsfr17                         sfr17        00000
__Lsfr18                         sfr18        00000
__Lsfr19                         sfr19        00000
__Lsfr2                          sfr2         00000
__Lsfr20                         sfr20        00000
__Lsfr21                         sfr21        00000
__Lsfr22                         sfr22        00000
__Lsfr23                         sfr23        00000
__Lsfr24                         sfr24        00000
__Lsfr25                         sfr25        00000
__Lsfr26                         sfr26        00000
__Lsfr27                         sfr27        00000
__Lsfr28                         sfr28        00000
__Lsfr29                         sfr29        00000
__Lsfr3                          sfr3         00000
__Lsfr30                         sfr30        00000
__Lsfr31                         sfr31        00000
__Lsfr4                          sfr4         00000
__Lsfr5                          sfr5         00000
__Lsfr6                          sfr6         00000
__Lsfr7                          sfr7         00000
__Lsfr8                          sfr8         00000
__Lsfr9                          sfr9         00000
__Lspace_0                       (abs)        00000
__Lspace_1                       (abs)        00000
__Lspace_2                       (abs)        00000
__Lspace_3                       (abs)        00000
__Lspace_4                       (abs)        00000
__Lstack                         stack        00000
__Lstrings                       strings      00000
__Lstringtext1                   stringtext1  00000
__Lstringtext10                  stringtext10 00000
__Lstringtext11                  stringtext11 00000
__Lstringtext12                  stringtext12 00000
__Lstringtext13                  stringtext13 00000
__Lstringtext14                  stringtext14 00000
__Lstringtext2                   stringtext2  00000
__Lstringtext3                   stringtext3  00000
__Lstringtext4                   stringtext4  00000
__Lstringtext5                   stringtext5  00000
__Lstringtext6                   stringtext6  00000
__Lstringtext7                   stringtext7  00000
__Lstringtext8                   stringtext8  00000
__Lstringtext9                   stringtext9  00000
__Ltext                          text         00000
__S0                             (abs)        02000
__S1                             (abs)        00270
__S3                             (abs)        00000
__Umul8_16                       text17       01AEA
__Umul8_16@multiplicand          cstackBANK0  00020
__Umul8_16@multiplier            cstackBANK0  00028
__Umul8_16@product               cstackBANK0  00024
__Umul8_16@word_mpld             cstackBANK0  00026
___awdiv                         text28       01D60
___awdiv@counter                 cstackBANK0  00025
___awdiv@dividend                cstackBANK0  00022
___awdiv@divisor                 cstackBANK0  00020
___awdiv@quotient                cstackBANK0  00027
___awdiv@sign                    cstackBANK0  00026
___awmod                         text27       01CB3
___awmod@counter                 cstackBANK0  00025
___awmod@dividend                cstackBANK0  00022
___awmod@divisor                 cstackBANK0  00020
___awmod@sign                    cstackBANK0  00026
___fladd                         text14       015F8
___fladd@a                       cstackBANK0  00024
___fladd@aexp                    cstackBANK0  00031
___fladd@b                       cstackBANK0  00020
___fladd@bexp                    cstackBANK0  00032
___fladd@grs                     cstackBANK0  00033
___fladd@signs                   cstackBANK0  00030
___fldiv                         text20       0144E
___fldiv@a                       cstackBANK0  00034
___fldiv@aexp                    cstackBANK0  0004D
___fldiv@b                       cstackBANK0  00038
___fldiv@bexp                    cstackBANK0  0004C
___fldiv@grs                     cstackBANK0  00048
___fldiv@new_exp                 cstackBANK0  00046
___fldiv@rem                     cstackBANK0  00041
___fldiv@sign                    cstackBANK0  00045
___fleq                          text19       01C13
___fleq@ff1                      cstackBANK0  00020
___fleq@ff2                      cstackBANK0  00024
___flge                          text18       01003
___flge@ff1                      cstackBANK0  00043
___flge@ff2                      cstackBANK0  00047
___flmul                         text16       004F5
___flmul@a                       cstackBANK0  0002D
___flmul@aexp                    cstackBANK0  0003B
___flmul@b                       cstackBANK0  00029
___flmul@bexp                    cstackBANK0  0003C
___flmul@grs                     cstackBANK0  00037
___flmul@prod                    cstackBANK0  0003D
___flmul@sign                    cstackBANK0  00036
___flmul@temp                    cstackBANK0  00041
___flneg                         text15       0198D
___flneg@f1                      cstackBANK0  00020
___flsub                         text13       01A64
___flsub@a                       cstackBANK0  00043
___flsub@b                       cstackBANK0  00047
___fltol                         text12       01E21
___fltol@exp1                    cstackBANK0  00029
___fltol@f1                      cstackBANK0  00020
___fltol@sign1                   cstackBANK0  00028
___fpclassifyf                   text11       01F81
___fpclassifyf@F465              bssBANK2     00124
___fpclassifyf@e                 cstackBANK0  0002A
___fpclassifyf@u                 cstackBANK0  0002C
___fpclassifyf@x                 cstackBANK0  00020
___heap_hi                       (abs)        00000
___heap_lo                       (abs)        00000
___int_sp                        stack        00000
___int_stack_hi                  stack        00000
___int_stack_lo                  stack        00000
___latbits                       (abs)        00002
___sp                            stack        00000
___stack_hi                      stack        00000
___stack_lo                      stack        00000
___stackhi                       (abs)        00000
___stacklo                       (abs)        00000
___wmul                          text5        01A84
___wmul@multiplicand             cstackBANK0  00022
___wmul@multiplier               cstackBANK0  00020
___wmul@product                  cstackBANK0  00024
___xxtofl                        text29       00730
___xxtofl@arg                    cstackBANK0  00030
___xxtofl@exp                    cstackBANK0  0002F
___xxtofl@sign                   cstackBANK0  0002E
___xxtofl@val                    cstackBANK0  00026
__end_of_ADC_GetConversionResult text40       01984
__end_of_ADC_Initialize          text39       01969
__end_of_ADC_IsConversionDone    text38       01961
__end_of_ADC_StartConversion     text37       01003
__end_of_IOC                     intentry     00237
__end_of_Keypad_Get_Char         text50       012A9
__end_of_Keypad_Init             text49       01972
__end_of_Lcd_Clear               text34       0198D
__end_of_Lcd_Cmd                 text35       019EC
__end_of_Lcd_Init                text33       01CB3
__end_of_Lcd_Port                text36       01B88
__end_of_Lcd_Set_Cursor          text32       01F81
__end_of_Lcd_Write_Char          text31       01BB3
__end_of_Lcd_Write_String        text30       01A44
__end_of__Umul8_16               text17       01B0E
__end_of___awdiv                 text28       01DC0
__end_of___awmod                 text27       01D07
__end_of___fladd                 text14       01800
__end_of___fldiv                 text20       015F8
__end_of___fleq                  text19       01C62
__end_of___flge                  text18       0108E
__end_of___flmul                 text16       00730
__end_of___flneg                 text15       01999
__end_of___flsub                 text13       01A84
__end_of___fltol                 text12       01E92
__end_of___fpclassifyf           text11       02000
__end_of___wmul                  text5        01AA4
__end_of___xxtofl                text29       007DB
__end_of__initialization         cinit        00264
__end_of_abs                     text26       019AB
__end_of_dtoa                    text21       01165
__end_of_efgtoa                  text6        01000
__end_of_floorf                  text10       008ED
__end_of_fputc                   text24       01D60
__end_of_fputs                   text23       00800
__end_of_labs                    text9        019D5
__end_of_main                    maintext     004F5
__end_of_memcpy                  text8        01B5E
__end_of_pad                     text22       01C13
__end_of_putch                   text25       00004
__end_of_read_prec_or_width      text4        01E21
__end_of_sprintf                 text1        01AEA
__end_of_strcmp                  text48       01BE3
__end_of_strcpy                  text7        01A08
__end_of_vfpfcnvrt               text3        0144E
__end_of_vfprintf                text2        01AC7
__end_ofi1_Lcd_Clear             text45       0197B
__end_ofi1_Lcd_Cmd               text46       019BF
__end_ofi1_Lcd_Port              text47       01A64
__end_ofi1_Lcd_Set_Cursor        text44       01F07
__end_ofi1_Lcd_Write_Char        text43       01B36
__end_ofi1_Lcd_Write_String      text42       01A25
__initialization                 cinit        00239
__pbssBANK1                      bssBANK1     000EF
__pbssBANK2                      bssBANK2     00120
__pbssBANK3                      bssBANK3     001A0
__pbssBANK4                      bssBANK4     00220
__pbssCOMMON                     bssCOMMON    0007C
__pcstackBANK0                   cstackBANK0  00020
__pcstackBANK1                   cstackBANK1  000A0
__pcstackBANK2                   cstackBANK2  0013F
__pcstackCOMMON                  cstackCOMMON 00070
__pdataBANK2                     dataBANK2    0015E
__pidataBANK2                    idataBANK2   0194F
__pintentry                      intentry     00004
__pmaintext                      maintext     00268
__pstringtext1                   stringtext1  01800
__pstringtext10                  stringtext10 01878
__pstringtext11                  stringtext11 0187F
__pstringtext12                  stringtext12 01883
__pstringtext13                  stringtext13 01887
__pstringtext14                  stringtext14 00000
__pstringtext2                   stringtext2  01811
__pstringtext3                   stringtext3  01822
__pstringtext4                   stringtext4  01832
__pstringtext5                   stringtext5  01841
__pstringtext6                   stringtext6  01850
__pstringtext7                   stringtext7  0185F
__pstringtext8                   stringtext8  01868
__pstringtext9                   stringtext9  01871
__ptext1                         text1        01AC7
__ptext10                        text10       00802
__ptext11                        text11       01F81
__ptext12                        text12       01E21
__ptext13                        text13       01A64
__ptext14                        text14       015F8
__ptext15                        text15       0198D
__ptext16                        text16       004F5
__ptext17                        text17       01AEA
__ptext18                        text18       01003
__ptext19                        text19       01C13
__ptext2                         text2        01AA4
__ptext20                        text20       0144E
__ptext21                        text21       0108E
__ptext22                        text22       01BE3
__ptext23                        text23       007DB
__ptext24                        text24       01D07
__ptext25                        text25       00003
__ptext26                        text26       01999
__ptext27                        text27       01CB3
__ptext28                        text28       01D60
__ptext29                        text29       00730
__ptext3                         text3        012A9
__ptext30                        text30       01A25
__ptext31                        text31       01B88
__ptext32                        text32       01F07
__ptext33                        text33       01C62
__ptext34                        text34       01984
__ptext35                        text35       019D5
__ptext36                        text36       01B5E
__ptext37                        text37       01000
__ptext38                        text38       0195A
__ptext39                        text39       01961
__ptext4                         text4        01DC0
__ptext40                        text40       0197B
__ptext42                        text42       01A08
__ptext43                        text43       01B0E
__ptext44                        text44       01E92
__ptext45                        text45       01972
__ptext46                        text46       019AB
__ptext47                        text47       01A44
__ptext48                        text48       01BB3
__ptext49                        text49       01969
__ptext5                         text5        01A84
__ptext50                        text50       01165
__ptext6                         text6        008ED
__ptext7                         text7        019EC
__ptext8                         text8        01B36
__ptext9                         text9        019BF
_abs                             text26       01999
_buffer                          bssBANK3     001A0
_clave                           bssBANK2     00138
_clave_enter                     dataBANK2    0015E
_cont_key                        bssBANK2     00132
_convertedValue                  bssBANK2     0013D
_dbuf                            bssBANK4     00220
_dtoa                            text21       0108E
_dtoa$1339                       cstackBANK0  00039
_efgtoa                          text6        008ED
_efgtoa$1370                     cstackBANK1  000A6
_estado                          bssBANK2     00130
_flags                           bssCOMMON    0007C
_floorf                          text10       00802
_fputc                           text24       01D07
_fputs                           text23       007DB
_hor                             bssBANK2     00136
_labs                            text9        019BF
_main                            maintext     00268
_memcpy                          text8        01B36
_min                             bssBANK2     00137
_pad                             text22       01BE3
_prec                            bssBANK2     0012E
_putch                           text25       00003
_read_prec_or_width              text4        01DC0
_seg                             bssBANK1     000EF
_sprintf                         text1        01AC7
_strcmp                          text48       01BB3
_strcpy                          text7        019EC
_tecla                           bssCOMMON    0007D
_temp                            bssBANK2     00128
_vfpfcnvrt                       text3        012A9
_vfprintf                        text2        01AA4
_width                           bssBANK2     0012C
abs@a                            cstackBANK0  00027
btemp                            (abs)        0007E
clear_ram0                       clrtext      01954
dtoa@d                           cstackBANK0  00036
dtoa@fp                          cstackBANK0  0003B
dtoa@i                           cstackBANK0  00041
dtoa@p                           cstackBANK0  0003C
dtoa@s                           cstackBANK0  00040
dtoa@w                           cstackBANK0  0003E
efgtoa@c                         cstackBANK0  00066
efgtoa@d                         cstackBANK1  000AB
efgtoa@e                         cstackBANK1  000B0
efgtoa@f                         cstackBANK0  00062
efgtoa@fp                        cstackBANK1  000AF
efgtoa@g                         cstackBANK1  000C3
efgtoa@h                         cstackBANK1  000B8
efgtoa@i                         cstackBANK1  000C0
efgtoa@l                         cstackBANK1  000BC
efgtoa@m                         cstackBANK1  000AD
efgtoa@mode                      cstackBANK1  000A9
efgtoa@n                         cstackBANK1  000C7
efgtoa@ne                        cstackBANK1  000A0
efgtoa@nmode                     cstackBANK1  000AA
efgtoa@ou                        cstackBANK1  000B4
efgtoa@p                         cstackBANK1  000A2
efgtoa@pp                        cstackBANK1  000A8
efgtoa@sign                      cstackBANK1  000C2
efgtoa@t                         cstackBANK1  000A4
efgtoa@u                         cstackBANK1  000C9
efgtoa@w                         cstackBANK1  000B2
end_of_initialization            cinit        00264
floorf@F521                      bssBANK2     00120
floorf@e                         cstackBANK0  0005C
floorf@m                         cstackBANK0  00058
floorf@u                         cstackBANK0  0005E
floorf@x                         cstackBANK0  0004E
fputc@c                          cstackBANK0  00020
fputc@fp                         cstackBANK0  00022
fputs@c                          cstackBANK0  0002B
fputs@fp                         cstackBANK0  00028
fputs@i                          cstackBANK0  0002C
fputs@s                          cstackBANK0  0002E
i1Lcd_Cmd@a                      cstackCOMMON 00072
i1Lcd_Port@a                     cstackCOMMON 00070
i1Lcd_Set_Cursor@a               cstackCOMMON 00075
i1Lcd_Set_Cursor@b               cstackCOMMON 00073
i1Lcd_Set_Cursor@temp            cstackCOMMON 00078
i1Lcd_Set_Cursor@y               cstackCOMMON 00077
i1Lcd_Set_Cursor@z               cstackCOMMON 00076
i1Lcd_Write_Char@a               cstackCOMMON 00074
i1Lcd_Write_Char@temp            cstackCOMMON 00072
i1Lcd_Write_Char@y               cstackCOMMON 00073
i1Lcd_Write_String@a             cstackCOMMON 00075
i1Lcd_Write_String@i             cstackCOMMON 00078
i1_Lcd_Clear                     text45       01972
i1_Lcd_Cmd                       text46       019AB
i1_Lcd_Port                      text47       01A44
i1_Lcd_Set_Cursor                text44       01E92
i1_Lcd_Write_Char                text43       01B0E
i1_Lcd_Write_String              text42       01A08
int$flags                        (abs)        0007E
intlevel0                        functab      00000
intlevel1                        functab      00000
intlevel2                        functab      00000
intlevel3                        functab      00000
intlevel4                        functab      00000
intlevel5                        functab      00000
labs@a                           cstackBANK0  00020
main@contadorTemp                cstackBANK1  000ED
memcpy@d                         cstackBANK0  00026
memcpy@d1                        cstackBANK0  00025
memcpy@n                         cstackBANK0  00021
memcpy@s                         cstackBANK0  00027
memcpy@s1                        cstackBANK0  00020
memcpy@tmp                       cstackBANK0  00024
pad@buf                          cstackBANK0  0002F
pad@fp                           cstackBANK0  00035
pad@i                            cstackBANK0  00033
pad@p                            cstackBANK0  00030
read_prec_or_width@ap            cstackBANK0  00026
read_prec_or_width@c             cstackBANK0  0002B
read_prec_or_width@fmt           cstackBANK0  0002E
read_prec_or_width@n             cstackBANK0  0002C
reset_vec                        reset_vec    00000
sprintf@ap                       cstackBANK2  00140
sprintf@f                        cstackBANK2  00141
sprintf@fmt                      cstackBANK1  000DE
sprintf@s                        cstackBANK2  0013F
start                            init         00237
start_initialization             cinit        00239
strcmp@l                         cstackCOMMON 00073
strcmp@r                         cstackCOMMON 00070
strcpy@d                         cstackBANK0  00024
strcpy@dest                      cstackBANK0  00025
strcpy@src                       cstackBANK0  00020
vfpfcnvrt@ap                     cstackBANK0  0006C
vfpfcnvrt@c                      cstackBANK1  000D6
vfpfcnvrt@convarg                cstackBANK1  000D2
vfpfcnvrt@cp                     cstackBANK1  000D8
vfpfcnvrt@done                   cstackBANK1  000D1
vfpfcnvrt@fmt                    cstackBANK0  0006B
vfpfcnvrt@fp                     cstackBANK1  000D7
vfprintf@ap                      cstackBANK0  0006F
vfprintf@cfmt                    cstackBANK1  000DC
vfprintf@fmt                     cstackBANK0  0006D
vfprintf@fp                      cstackBANK1  000DB
wtemp0                           (abs)        0007E


MODULE INFORMATION

Module		Function		Class		Link	Load	Size
C:\Program Files\Microchip\xc8\v2.45\pic\sources\c99\common\Umul16.c
		___wmul        		CODE           	1A84	0000	32

C:\Program Files\Microchip\xc8\v2.45\pic\sources\c99\common\Umul16.c estimated size: 32

C:\Program Files\Microchip\xc8\v2.45\pic\sources\c99\common\fleq.c
		___fleq        		CODE           	1C13	0000	79

C:\Program Files\Microchip\xc8\v2.45\pic\sources\c99\common\fleq.c estimated size: 79

C:\Program Files\Microchip\xc8\v2.45\pic\sources\c99\common\memcpy.c
		_memcpy        		CODE           	1B36	0000	40

C:\Program Files\Microchip\xc8\v2.45\pic\sources\c99\common\memcpy.c estimated size: 40

C:\Program Files\Microchip\xc8\v2.45\pic\sources\c99\common\flneg.c
		___flneg       		CODE           	198D	0000	12

C:\Program Files\Microchip\xc8\v2.45\pic\sources\c99\common\flneg.c estimated size: 12

C:\Program Files\Microchip\xc8\v2.45\pic\sources\c99\common\sprcmul.c
		___flmul       		CODE           	04F5	0000	571

C:\Program Files\Microchip\xc8\v2.45\pic\sources\c99\common\sprcmul.c estimated size: 571

mcc_generated_files/adc.c
		_ADC_Initialize		CODE           	1961	0000	8
		_ADC_IsConversionDone		CODE           	195A	0000	7
		_ADC_GetConversionResult		CODE           	197B	0000	9
		_ADC_StartConversion		CODE           	1000	0000	3

mcc_generated_files/adc.c estimated size: 27

C:\Program Files\Microchip\xc8\v2.45\pic\sources\c99\common\labs.c
		_labs          		CODE           	19BF	0000	22

C:\Program Files\Microchip\xc8\v2.45\pic\sources\c99\common\labs.c estimated size: 22

C:\Program Files\Microchip\xc8\v2.45\pic\sources\c99\common\nf_fputs.c
		_fputs         		CODE           	07DB	0000	37

C:\Program Files\Microchip\xc8\v2.45\pic\sources\c99\common\nf_fputs.c estimated size: 37

C:\Program Files\Microchip\xc8\v2.45\pic\sources\c99\common\sprcdiv.c
		___fldiv       		CODE           	144E	0000	426

C:\Program Files\Microchip\xc8\v2.45\pic\sources\c99\common\sprcdiv.c estimated size: 426

C:\Program Files\Microchip\xc8\v2.45\pic\sources\c99\common\floorf.c
		_floorf        		CODE           	0802	0000	235

C:\Program Files\Microchip\xc8\v2.45\pic\sources\c99\common\floorf.c estimated size: 235

C:\Program Files\Microchip\xc8\v2.45\pic\sources\c99\common\nf_sprintf.c
		_sprintf       		CODE           	1AC7	0000	35

C:\Program Files\Microchip\xc8\v2.45\pic\sources\c99\common\nf_sprintf.c estimated size: 35

C:\Program Files\Microchip\xc8\v2.45\pic\sources\c99\common\awmod.c
		___awmod       		CODE           	1CB3	0000	84

C:\Program Files\Microchip\xc8\v2.45\pic\sources\c99\common\awmod.c estimated size: 84

C:\Program Files\Microchip\xc8\v2.45\pic\sources\c99\common\putch.c
		_putch         		CODE           	0003	0000	1

C:\Program Files\Microchip\xc8\v2.45\pic\sources\c99\common\putch.c estimated size: 1

C:\Program Files\Microchip\xc8\v2.45\pic\sources\c99\common\flge.c
		___flge        		CODE           	1003	0000	139

C:\Program Files\Microchip\xc8\v2.45\pic\sources\c99\common\flge.c estimated size: 139

shared
		i1_Lcd_Write_Char		CODE           	1B0E	0000	40
		i1_Lcd_Port    		CODE           	1A44	0000	32
		i1_Lcd_Cmd     		CODE           	19AB	0000	20
		i1_Lcd_Clear   		CODE           	1972	0000	9
		__initialization		CODE           	0239	0000	43
		i1_Lcd_Set_Cursor		CODE           	1E92	0000	117
		i1_Lcd_Write_String		CODE           	1A08	0000	29

shared estimated size: 290

C:\Program Files\Microchip\xc8\v2.45\pic\sources\c99\common\xxtofl.c
		___xxtofl      		CODE           	0730	0000	171

C:\Program Files\Microchip\xc8\v2.45\pic\sources\c99\common\xxtofl.c estimated size: 171

C:\Program Files\Microchip\xc8\v2.45\pic\sources\c99\common\abs.c
		_abs           		CODE           	1999	0000	18

C:\Program Files\Microchip\xc8\v2.45\pic\sources\c99\common\abs.c estimated size: 18

kbd4x3.c
		_Keypad_Init   		CODE           	1969	0000	9
		_Keypad_Get_Char		CODE           	1165	0000	324

kbd4x3.c estimated size: 333

C:\Program Files\Microchip\xc8\v2.45\pic\sources\c99\common\__fpclassifyf.c
		___fpclassifyf 		CODE           	1F81	0000	127

C:\Program Files\Microchip\xc8\v2.45\pic\sources\c99\common\__fpclassifyf.c estimated size: 127

C:\Program Files\Microchip\xc8\v2.45\pic\sources\c99\common\strcmp.c
		_strcmp        		CODE           	1BB3	0000	48

C:\Program Files\Microchip\xc8\v2.45\pic\sources\c99\common\strcmp.c estimated size: 48

C:\Program Files\Microchip\xc8\v2.45\pic\sources\c99\common\strcpy.c
		_strcpy        		CODE           	19EC	0000	28

C:\Program Files\Microchip\xc8\v2.45\pic\sources\c99\common\strcpy.c estimated size: 28

C:\Program Files\Microchip\xc8\v2.45\pic\sources\c99\common\Umul8_16.c
		__Umul8_16     		CODE           	1AEA	0000	36

C:\Program Files\Microchip\xc8\v2.45\pic\sources\c99\common\Umul8_16.c estimated size: 36

lcd.c
		_Lcd_Write_String		CODE           	1A25	0000	31
		_Lcd_Init      		CODE           	1C62	0000	81
		_Lcd_Write_Char		CODE           	1B88	0000	43
		_Lcd_Cmd       		CODE           	19D5	0000	23
		_Lcd_Set_Cursor		CODE           	1F07	0000	122
		_Lcd_Clear     		CODE           	1984	0000	9
		_Lcd_Port      		CODE           	1B5E	0000	42

lcd.c estimated size: 351

C:\Program Files\Microchip\xc8\v2.45\pic\sources\c99\common\sprcadd.c
		___flsub       		CODE           	1A64	0000	32
		___fladd       		CODE           	15F8	0000	520

C:\Program Files\Microchip\xc8\v2.45\pic\sources\c99\common\sprcadd.c estimated size: 552

main.c
		_main          		CODE           	0268	0000	653
		_IOC           		CODE           	0004	0000	563

main.c estimated size: 1216

C:\Program Files\Microchip\xc8\v2.45\pic\sources\c99\common\nf_fputc.c
		_fputc         		CODE           	1D07	0000	89

C:\Program Files\Microchip\xc8\v2.45\pic\sources\c99\common\nf_fputc.c estimated size: 89

C:\Program Files\Microchip\xc8\v2.45\pic\sources\c99\common\doprnt.c
		_read_prec_or_width		CODE           	1DC0	0000	97
		_vfpfcnvrt     		CODE           	12A9	0000	421
		_efgtoa        		CODE           	08ED	0000	1811
		_pad           		CODE           	1BE3	0000	48
		_dtoa          		CODE           	108E	0000	215
		_vfprintf      		CODE           	1AA4	0000	35

C:\Program Files\Microchip\xc8\v2.45\pic\sources\c99\common\doprnt.c estimated size: 2627

C:\Program Files\Microchip\xc8\v2.45\pic\sources\c99\common\awdiv.c
		___awdiv       		CODE           	1D60	0000	96

C:\Program Files\Microchip\xc8\v2.45\pic\sources\c99\common\awdiv.c estimated size: 96

C:\Program Files\Microchip\xc8\v2.45\pic\sources\c99\common\fltol.c
		___fltol       		CODE           	1E21	0000	113

C:\Program Files\Microchip\xc8\v2.45\pic\sources\c99\common\fltol.c estimated size: 113

